com\openbravo\pos\ticket\ProductRenderer.class
com\openbravo\pos\inventory\BundleEditor$3.class
com\openbravo\pos\panels\ValidationPanel.class
com\openbravo\pos\imports\StockQtyImport$2.class
com\openbravo\pos\config\JPanelConfigPeripheral$16.class
com\openbravo\pos\sales\restaurant\JTicketsBagRestaurantRes$3.class
com\openbravo\pos\config\JPanelConfigPeripheral$4.class
com\openbravo\pos\ticket\ProductFilter1$1.class
com\openbravo\pos\admin\ResourcesView$1.class
com\openbravo\pos\inventory\LocationsView$1.class
com\openbravo\pos\businesspartner\JBusinessPartnerFinder$2.class
com\openbravo\pos\sales\JPanelTicket$19.class
com\openbravo\pos\sales\JProductAttEditItem.class
com\openbravo\pos\epm\BreaksView.class
com\openbravo\pos\suppliers\OrderSupplierList.class
com\openbravo\pos\inventory\StockManagement.class
com\openbravo\pos\sales\JProductAttEdit$2.class
com\openbravo\pos\config\JPanelConfigGeneral$13.class
com\openbravo\pos\inventory\AuxiliarEditor$6.class
com\openbravo\pos\menu\JPanelMenu.class
com\openbravo\pos\admin\JPeopleFinder$3.class
com\openbravo\pos\config\JPanelConfigPeripheral$11.class
com\openbravo\pos\menu\JRootMenu$ScriptGroup.class
com\openbravo\pos\sales\JPanelTicket$14.class
com\openbravo\pos\admin\PeopleView$1.class
com\openbravo\pos\payment\PaymentPanelMagCard$XmlDialog.class
com\openbravo\pos\inventory\ProductsEditor$PriceTaxManager.class
com\openbravo\pos\imports\CustomerCSVImport$30.class
com\openbravo\pos\inventory\StockManagement$14.class
com\openbravo\pos\sales\JTicketLines$ColumnTicket.class
com\openbravo\pos\panels\JPanelCloseMoney$ValidacionDineroResult.class
com\openbravo\pos\inventory\AttributeUsePanel$ReloadActionListener.class
com\openbravo\pos\imports\StockQtyImport$7.class
com\openbravo\pos\reports\JParamsDatesInterval$2.class
com\openbravo\pos\config\JPanelConfigLocale.class
com\openbravo\pos\sales\JTicketLines$DeleteLineCallback.class
com\openbravo\pos\payment\MagCardReaderIntelligent.class
com\openbravo\pos\inventory\AuxiliarEditor$1.class
com\openbravo\pos\inventory\StockDiaryEditor$11.class
com\openbravo\pos\panels\BundleFilter$4.class
com\openbravo\pos\admin\PermissionsCatalog.class
com\openbravo\pos\forms\JAuthPanel$AuthListener.class
com\openbravo\pos\customers\JCustomerFinder$3.class
com\openbravo\pos\imports\CustomerCSVImport$workProcess.class
com\openbravo\pos\reports\JPanelGraphics$PaymentData.class
com\openbravo\pos\suppliers\JSupplierFinder.class
com\openbravo\pos\reports\JRViewer400$6.class
com\openbravo\pos\catalog\CatalogController.class
com\openbravo\pos\sales\JRefundLines.class
com\openbravo\pos\sales\SimpleReceipt.class
com\openbravo\pos\epm\JEmployeeFinder$MyListData.class
com\openbravo\pos\ticket\ProductFilter4$1.class
com\openbravo\pos\config\JPanelConfiguration$3.class
com\openbravo\pos\config\JPanelConfigFirebase$1.class
com\openbravo\pos\suppliers\SuppliersView$3.class
com\openbravo\pos\branches\MenuBranches.class
com\openbravo\pos\epm\JPanelEmployeePresence.class
com\openbravo\pos\sales\shared\JTicketsBagShared$3.class
com\openbravo\pos\inventory\MaterialFilter.class
com\openbravo\pos\sales\JTicketLines$ColumnBackgroundViewport.class
com\openbravo\pos\voucher\VoucherPanel.class
com\openbravo\pos\reports\JParamsUser$2.class
com\openbravo\pos\reports\JRViewer400$12.class
com\openbravo\pos\sales\JPanelTicket$6.class
com\openbravo\pos\config\JPanelConfigDatabase.class
com\openbravo\pos\panels\AuxiliarFilter$5.class
com\openbravo\pos\panels\EnumerationIter.class
com\openbravo\pos\payment\JPaymentSelect$JPaymentCashCreator.class
com\openbravo\pos\customers\ClientePuntos$1.class
com\openbravo\pos\inventory\ProductsPanel$3.class
com\openbravo\pos\inventory\StockManagement$1.class
com\openbravo\pos\firebase\FirebaseSyncManagerREST.class
com\openbravo\pos\inventory\ProductsWarehousePanel.class
com\openbravo\pos\payment\PaymentPanelFactory.class
com\openbravo\pos\imports\JPanelCSVImport$7.class
com\openbravo\pos\reports\JPanelReport$2.class
com\openbravo\pos\sales\JTicketLines.class
com\openbravo\pos\inventory\StockDiaryEditor$9.class
com\openbravo\pos\panels\PaymentsEditor$PaymentReason.class
com\openbravo\pos\suppliers\JDialogNewSupplier.class
com\openbravo\pos\inventory\ProductsGranelPanel$2.class
com\openbravo\pos\suppliers\JSupplierFinder$3.class
com\openbravo\pos\sales\shared\JTicketsBagSharedList$JButtonTicket.class
com\openbravo\pos\suppliers\SupplierRenderer.class
com\openbravo\pos\menu\MenuExecAction.class
com\openbravo\pos\inventory\ProductsEditor$StockTableModel.class
com\openbravo\pos\admin\RolesPanel.class
com\openbravo\pos\panels\JPanelCloseMoney$5.class
com\openbravo\pos\forms\JDlgChangePassword$1.class
com\openbravo\pos\panels\JPanelCloseMoney$16.class
com\openbravo\pos\inventory\ProductsEditor$20.class
com\openbravo\pos\imports\JPanelCSVImport$23.class
com\openbravo\pos\sales\shared\JTicketsBagShared$8.class
com\openbravo\pos\sebastian\PurchaseService.class
com\openbravo\pos\sales\JTicketsBagTicket$5.class
com\openbravo\pos\panels\JProductFinder$4.class
com\openbravo\pos\forms\UpdateManager.class
com\openbravo\pos\customers\CustomersView$7.class
com\openbravo\pos\panels\JTicketsFinder$4.class
com\openbravo\pos\forms\AppViewConnection$DBProperties.class
com\openbravo\pos\sales\restaurant\JTicketsBagRestaurantMap$2.class
com\openbravo\pos\ticket\CategoryFilter.class
com\openbravo\pos\inventory\ProductsEditor$17.class
com\openbravo\pos\inventory\ProductsGranelPanel$ReloadActionListener.class
com\openbravo\pos\config\JPanelConfigPeripheral$9.class
com\openbravo\pos\config\JPanelConfigDatabase$3.class
com\openbravo\pos\catalog\ProductCardV3$1.class
com\openbravo\pos\sales\restaurant\JTicketsBagRestaurantRes$DateChangeCalendarListener.class
com\openbravo\pos\forms\BeanContainer.class
com\openbravo\pos\forms\JDialogUpdate.class
com\openbravo\pos\forms\JSplashScreen.class
com\openbravo\pos\config\JPanelConfigSystem$6.class
com\openbravo\pos\panels\JProductFinder$3.class
com\openbravo\pos\reports\JRPrinterAWT300$1.class
com\openbravo\pos\sales\JProductLineEdit.class
com\openbravo\pos\sales\restaurant\JTicketsBagRestaurantMap$3.class
com\openbravo\pos\catalog\CatalogSelector.class
com\openbravo\pos\sales\JTicketsBagTicketBag$1.class
com\openbravo\pos\inventory\BundleEditor.class
com\openbravo\pos\voucher\JDialogReportPanel$3.class
com\openbravo\pos\epm\JPanelEmployeePresence$2.class
com\openbravo\pos\inventory\ProductsEditor$16.class
com\openbravo\pos\panels\PaymentsReprintModel$2.class
com\openbravo\pos\epm\package-info.class
com\openbravo\pos\payment\PaymentPanelMagCard.class
com\openbravo\pos\imports\JPanelCSVImport$19.class
com\openbravo\pos\epm\JPanelEmployeePresence$BreakAction.class
com\openbravo\pos\inventory\StockDiaryEditor$CatalogListener.class
com\openbravo\pos\payment\MagCardReaderGeneric.class
com\openbravo\pos\payment\PaymentPanelBasic.class
com\openbravo\pos\sales\JPanelTicket$27.class
com\openbravo\pos\epm\JPanelEmployeePresence$1.class
com\openbravo\pos\imports\JPanelCSVImport$3.class
com\openbravo\pos\catalog\TextPaneWithBackground.class
com\openbravo\pos\imports\JPanelCSVImport$15.class
com\openbravo\pos\branches\JPanelBranchesManagement$1.class
com\openbravo\pos\suppliers\JDialogNewSupplier$2.class
com\openbravo\pos\reports\JRViewer400$2.class
com\openbravo\pos\panels\JTicketsFinder$3.class
com\openbravo\pos\instance\AppMessage.class
com\openbravo\pos\payment\JPaymentSelect$JPaymentVoucherRefundCreator.class
com\openbravo\pos\payment\JPaymentSelect$5.class
com\openbravo\pos\imports\JPanelCSVImport$22.class
com\openbravo\pos\forms\JDialogUpdate$3.class
com\openbravo\pos\sales\JPanelTicket$7.class
com\openbravo\pos\reports\ReportEditorCreator.class
com\openbravo\pos\sales\JPanelTicket$31.class
com\openbravo\pos\sales\JProductLineEditTax$2.class
com\openbravo\pos\inventory\BundlePanel$ReloadActionListener.class
com\openbravo\pos\inventory\AttributeUseEditor$1.class
com\openbravo\pos\payment\JPaymentRefund.class
com\openbravo\pos\inventory\StockDiaryEditor$5.class
com\openbravo\pos\imports\JPanelCSVImport$8.class
com\openbravo\pos\payment\JPaymentCashPos$RecalculateState.class
com\openbravo\pos\config\JPanelConfigSystem$2.class
com\openbravo\pos\customers\CustomersView$11.class
com\openbravo\pos\payment\ConfigPaymentPanelGeneric.class
com\openbravo\pos\catalog\ProductCardV3$2.class
com\openbravo\pos\imports\JPanelCSVImport$10.class
com\openbravo\pos\reports\JPanelGraphics$3.class
com\openbravo\pos\sales\JPanelTicket$30.class
com\openbravo\pos\reports\JRViewer400$7.class
com\openbravo\pos\inventory\StockManagement$10.class
com\openbravo\pos\forms\StartPOS$1.class
com\openbravo\pos\forms\JRootFrame$2.class
com\openbravo\pos\forms\JRootApp.class
com\openbravo\pos\catalog\JCatalog$SmallCategoryRenderer.class
com\openbravo\pos\sales\JPanelTicket$23.class
com\openbravo\pos\forms\JDlgChangePassword$2.class
com\openbravo\pos\panels\JPanelCloseMoney$15.class
com\openbravo\pos\inventory\StockDiaryEditor$4.class
com\openbravo\pos\inventory\ProductsPanel.class
com\openbravo\pos\config\JPanelTicketSetup$3.class
com\openbravo\pos\sales\JPanelTicket$ScriptObject.class
com\openbravo\pos\reports\JRViewer400$13.class
com\openbravo\pos\sales\restaurant\JTicketsBagRestaurant$1.class
com\openbravo\pos\payment\JPaymentSelect.class
com\openbravo\pos\inventory\StockManagement$2.class
com\openbravo\pos\firebase\FirebaseSyncManager$SyncResult.class
com\openbravo\pos\config\JPanelTicketSetup$2.class
com\openbravo\pos\panels\BundleFilter$3.class
com\openbravo\pos\payment\JPaymentSelect$JPaymentSlipCreator.class
com\openbravo\pos\config\JFrmConfig$MyFrameListener.class
com\openbravo\pos\forms\JRootFrame$3.class
com\openbravo\pos\sales\JProductLineEditTax$3.class
com\openbravo\pos\sales\JTicketLines$2.class
com\openbravo\pos\customers\JCustomerFinder$2.class
com\openbravo\pos\payment\JPaymentSelect$4.class
com\openbravo\pos\payment\MagCardReader.class
com\openbravo\pos\forms\JPanelView.class
com\openbravo\pos\inventory\JDlgUploadProducts$2.class
com\openbravo\pos\reports\JParamsLocationWithFirst.class
com\openbravo\pos\imports\JPanelCSVCleardb$1.class
com\openbravo\pos\forms\JDialogUpdate$2.class
com\openbravo\pos\admin\DefaultRolesInitializer.class
com\openbravo\pos\sales\JPanelTicket$15.class
com\openbravo\pos\config\JPanelConfigPeripheral$12.class
com\openbravo\pos\inventory\ProductGranelStockEditor$3.class
com\openbravo\pos\inventory\StockManagement$15.class
com\openbravo\pos\reports\JParamsReason.class
com\openbravo\pos\inventory\StockDiaryPanel.class
com\openbravo\pos\customers\JDialogNewCustomer.class
com\openbravo\pos\panels\JProductFinder.class
com\openbravo\pos\sales\JProductLineEdit$3.class
com\openbravo\pos\imports\CustomerCSVImport.class
com\openbravo\pos\payment\JPaymentSelect$JPaymentBankCreator.class
com\openbravo\pos\sales\JPanelTicketEdits.class
com\openbravo\pos\config\LocaleComparator.class
com\openbravo\pos\suppliers\JSupplierFinder$MyListData.class
com\openbravo\pos\reports\JRViewer400$18.class
com\openbravo\pos\menu\JRootMenu$ChangePasswordAction.class
com\openbravo\pos\reports\JRViewer400$1.class
com\openbravo\pos\imports\JPanelCSVImport$2.class
com\openbravo\pos\imports\StockQtyImport$6.class
com\openbravo\pos\inventory\StockManagement$7.class
com\openbravo\pos\imports\JPanelCSVImport$14.class
com\openbravo\pos\panels\PaymentsModel$PaymentsLine.class
com\openbravo\pos\panels\JPanelCloseMoney$10.class
com\openbravo\pos\reports\JRViewer400$PageRenderer.class
com\openbravo\pos\inventory\ProductsWarehouseEditor$DecimalDocumentFilter.class
com\openbravo\pos\forms\JPanelNull.class
com\openbravo\pos\catalog\ProductCardV1.class
com\openbravo\pos\imports\StockQtyImport$3.class
com\openbravo\pos\inventory\AuxiliarEditor$2.class
com\openbravo\pos\inventory\AuxiliarEditor$5.class
com\openbravo\pos\panels\JTicketsFinder$11.class
com\openbravo\pos\sales\JPanelTicket$22.class
com\openbravo\pos\sales\JProductAttEdit2.class
com\openbravo\pos\inventory\StockManagement$6.class
com\openbravo\pos\sales\restaurant\FloorsEditor.class
com\openbravo\pos\payment\JPaymentVoucher.class
com\openbravo\pos\inventory\AuxiliarPanel$ReloadActionListener.class
com\openbravo\pos\panels\JPanelCloseMoney$11.class
com\openbravo\pos\suppliers\SuppliersView$TransactionTableModel.class
com\openbravo\pos\reports\JRViewer400$20.class
com\openbravo\pos\sales\restaurant\JPanelFloors.class
com\openbravo\pos\util\ModernLookAndFeel$1.class
com\openbravo\pos\sales\JProductLineEdit$4.class
com\openbravo\pos\inventory\StockManagement$13.class
com\openbravo\pos\admin\ResourcesView$2.class
com\openbravo\pos\inventory\ProductGranelStockEditor$2.class
com\openbravo\pos\config\JPanelConfigPeripheral$10.class
com\openbravo\pos\reports\JRViewer400$17.class
com\openbravo\pos\customers\CustomersPayment$3.class
com\openbravo\pos\panels\JPanelCloseMoney$12.class
com\openbravo\pos\reports\ReportFields.class
com\openbravo\pos\customers\CustomersView$10.class
com\openbravo\pos\config\JPanelConfigSystem$1.class
com\openbravo\pos\forms\JDialogCloseShift.class
com\openbravo\pos\inventory\StockManagement$5.class
com\openbravo\pos\reports\JRViewer400$21.class
com\openbravo\pos\customers\CustomersPayment$2.class
com\openbravo\pos\sales\JTicketLines$TicketTableModel.class
com\openbravo\pos\sales\JPanelTicket$TicketConstants.class
com\openbravo\pos\imports\JPanelCSV.class
com\openbravo\pos\panels\PaymentsModel$ProductSalesLine.class
com\openbravo\pos\admin\JPeopleFinder$2.class
com\openbravo\pos\config\JPanelConfigERP.class
com\openbravo\pos\reports\JRViewer400$16.class
com\openbravo\pos\customers\OrderCustomerList$SelectedCustomerAction.class
com\openbravo\pos\sales\ReceiptSplit.class
com\openbravo\pos\customers\JCustomerFinder$4.class
com\openbravo\pos\forms\JDialogForgotPassword$1.class
com\openbravo\pos\sales\shared\JTicketsReprintList$JButtonTicket$ActionListenerImpl.class
com\openbravo\pos\panels\PaymentsModel$RemovedProductLines.class
com\openbravo\pos\sales\JPanelButtons.class
com\openbravo\pos\inventory\ProductsEditor$1.class
com\openbravo\pos\forms\JAuthPanel$10.class
com\openbravo\pos\inventory\StockDiaryEditor$10.class
com\openbravo\pos\panels\PaymentsReprintModel$CategorySalesLine.class
com\openbravo\pos\panels\JPanelCloseMoneyReprint$FormatsPayment.class
com\openbravo\pos\sebastian\JCustomerPanel$1.class
com\openbravo\pos\customers\CustomersPayment$1.class
com\openbravo\pos\voucher\JDialogReportPanel$4.class
com\openbravo\pos\branches\JPanelBranchesManagement.class
com\openbravo\pos\reports\JRViewer400$5.class
com\openbravo\pos\payment\PaymentPanelMagCard$2.class
com\openbravo\pos\sales\TicketsEditor.class
com\openbravo\pos\panels\JPanelCloseMoney$17.class
com\openbravo\pos\core\spi\gui\LafProvider.class
com\openbravo\pos\panels\JPanelCloseMoneyReprint$2.class
com\openbravo\pos\payment\JPaymentSelect$8.class
com\openbravo\pos\epm\JEmployeeFinder$5.class
com\openbravo\pos\imports\JPanelCSVCleardb$2.class
com\openbravo\pos\sales\shared\JTicketsBagShared$4.class
com\openbravo\pos\inventory\JInventoryLines.class
com\openbravo\pos\sales\JGranelDialog.class
com\openbravo\pos\sales\JPanelTicket$LogoutAction.class
com\openbravo\pos\config\JPanelConfigDatabase$2.class
com\openbravo\pos\inventory\ProductsPanel$2.class
com\openbravo\pos\voucher\JDialogReportPanel.class
com\openbravo\pos\inventory\TaxEditor.class
com\openbravo\pos\reports\JRViewer400$11.class
com\openbravo\pos\payment\JPaymentCashPos.class
com\openbravo\pos\sales\JProductLineEdit$RecalculateUnits.class
com\openbravo\pos\inventory\AttributeUseEditor.class
com\openbravo\pos\forms\JPrincipalApp$1.class
com\openbravo\pos\reports\JPanelReport.class
com\openbravo\pos\reports\JRViewer400$24.class
com\openbravo\pos\catalog\JCatalogTab.class
com\openbravo\pos\admin\PeopleView$2.class
com\openbravo\pos\businesspartner\JBusinessPartnerFinder$1.class
com\openbravo\pos\imports\JPanelCSVImport$1.class
com\openbravo\pos\sales\JProductLineEditTax$4.class
com\openbravo\pos\payment\JPaymentSelect$3.class
com\openbravo\pos\inventory\BundleEditor$2.class
com\openbravo\pos\sales\shared\JTicketsBagSharedList.class
com\openbravo\pos\config\JPanelFirebaseUsers.class
com\openbravo\pos\sales\JPanelTicket$18.class
com\openbravo\pos\sales\ReceiptSplit$3.class
com\openbravo\pos\sales\shared\JTicketsBagShared$9.class
com\openbravo\pos\reports\JParamsLocation.class
com\openbravo\pos\inventory\TaxCustCategoriesEditor$1.class
com\openbravo\pos\firebase\FirebaseSyncManager.class
com\openbravo\pos\imports\StockQtyImport$1.class
com\openbravo\pos\payment\JPaymentDebt$RecalculateState.class
com\openbravo\pos\generated\Version.class
com\openbravo\pos\suppliers\JSupplierFinder$Global.class
com\openbravo\pos\customers\OrderCustomerList$CustomerComparator.class
com\openbravo\pos\sales\JRefundLines$2.class
com\openbravo\pos\forms\JDialogForgotPassword.class
com\openbravo\pos\inventory\ProductsEditor$13.class
com\openbravo\pos\ticket\ProductFilterSales$1.class
com\openbravo\pos\payment\JPaymentPaper$RecalculateState.class
com\openbravo\pos\catalog\ProductCardV3$3.class
com\openbravo\pos\reports\JPanelGraphics$MonthData.class
com\openbravo\pos\reports\JParamsSuppliers.class
com\openbravo\pos\config\JPanelConfigDatabase$4.class
com\openbravo\pos\config\JPanelConfigGeneral$14.class
com\openbravo\pos\inventory\ProductsEditor$15.class
com\openbravo\pos\config\JPanelConfiguration$CloseEventListener.class
com\openbravo\pos\businesspartner\JBusinessPartnerFinder$6.class
com\openbravo\pos\suppliers\SuppliersView$2.class
com\openbravo\pos\sales\ReceiptSplit$6.class
com\openbravo\pos\sales\shared\JTicketsBagSharedList$JButtonTicket$ActionListenerImpl.class
com\openbravo\pos\panels\SQLColumn.class
com\openbravo\pos\core\spi\gui\LafInfo.class
com\openbravo\pos\sales\JPanelTicket$ScriptArg.class
com\openbravo\pos\payment\JPaymentNotifier.class
com\openbravo\pos\imports\JPanelCSVImport$26.class
com\openbravo\pos\catalog\JCatalog$SelectProductListener.class
com\openbravo\pos\config\JPanelTicketSetup$4.class
com\openbravo\pos\forms\JAuthPanel$1.class
com\openbravo\pos\customers\CustomersPayment.class
com\openbravo\pos\config\JPanelConfigGeneral$9.class
com\openbravo\pos\config\JPanelConfigSystem$8.class
com\openbravo\pos\config\JPanelConfigPeripheral$8.class
com\openbravo\pos\config\JPanelConfigSystem$5.class
com\openbravo\pos\imports\CustomerCSVImport$2.class
com\openbravo\pos\imports\CustomerCSVImport$28.class
com\openbravo\pos\businesspartner\JBusinessPartnerFinder$3.class
com\openbravo\pos\sales\JPanelButtons$ConfigurationHandler$1.class
com\openbravo\pos\forms\JAuthPanel$AppUserAction.class
com\openbravo\pos\sales\JProductAttEditI.class
com\openbravo\pos\sales\JTicketsBagTicketBag$2.class
com\openbravo\pos\inventory\ProductsEditor$18.class
com\openbravo\pos\imports\JPanelCSVImport.class
com\openbravo\pos\inventory\ProductsGranelPanel$1.class
com\openbravo\pos\config\JPanelConfigGeneral$12.class
com\openbravo\pos\inventory\ProductsEditor$MarginManager.class
com\openbravo\pos\panels\SQLDatabase.class
com\openbravo\pos\sales\JProductLineEditTax$1.class
com\openbravo\pos\panels\PaymentsReprintModel$1.class
com\openbravo\pos\payment\MyTabbedPaneUI.class
com\openbravo\pos\inventory\AttributeValuesEditor.class
com\openbravo\pos\voucher\JDialogReportPanel$2.class
com\openbravo\pos\payment\JPaymentSelect$6.class
com\openbravo\pos\payment\MagCardReaderFac.class
com\openbravo\pos\ticket\ProductFilter2$1.class
com\openbravo\pos\sales\shared\JTicketsBagShared$7.class
com\openbravo\pos\panels\PaymentsReprintModel$DrawerOpenedLines.class
com\openbravo\pos\customers\JCustomerFinder$6.class
com\openbravo\pos\sales\JGranelDialog$DecimalDocumentFilter.class
com\openbravo\pos\customers\ClientePuntos$2.class
com\openbravo\pos\inventory\BundleEditor$4.class
com\openbravo\pos\inventory\ProductsPanel$4.class
com\openbravo\pos\payment\PaymentConfiguration.class
com\openbravo\pos\forms\DriverWrapper.class
com\openbravo\pos\firebase\JPanelFirebaseUsersDialog.class
com\openbravo\pos\sales\shared\JTicketsBagShared$6.class
com\openbravo\pos\sales\JTicketsBag.class
com\openbravo\pos\imports\JPanelCSVImport$24.class
com\openbravo\pos\payment\JPaymentDebt$1.class
com\openbravo\pos\sales\JPanelTicket$32.class
com\openbravo\pos\inventory\TaxCustCategoriesPanel.class
com\openbravo\pos\firebase\FirebaseDownloadManagerREST$DownloadResult.class
com\openbravo\pos\imports\CustomerCSVImport$26.class
com\openbravo\pos\config\JPanelConfigSystem$7.class
com\openbravo\pos\sales\restaurant\JCalendarItemRenderer.class
com\openbravo\pos\ticket\ProductFilter.class
com\openbravo\pos\menu\JRootMenu$ViewManager.class
com\openbravo\pos\panels\JPanelTable2.class
com\openbravo\pos\inventory\ProductsEditor$11.class
com\openbravo\pos\sales\shared\JTicketsBagShared$1.class
com\openbravo\pos\forms\JPrincipalApp$3.class
com\openbravo\pos\inventory\AuxiliarPanel.class
com\openbravo\pos\config\JPanelConfigGeneral$10.class
com\openbravo\pos\forms\JDialogForgotPassword$4.class
com\openbravo\pos\inventory\ProductsWarehouseEditor$1.class
com\openbravo\pos\reports\JRPrinterAWT300.class
com\openbravo\pos\forms\StartPOS.class
com\openbravo\pos\config\JPanelConfigPeripheral$1.class
com\openbravo\pos\inventory\AuxiliarEditor.class
com\openbravo\pos\forms\JAuthPanel$8.class
com\openbravo\pos\sales\JTicketCatalogLines.class
com\openbravo\pos\config\JPanelConfigGeneral.class
com\openbravo\pos\imports\CustomerCSVImport$9.class
com\openbravo\pos\config\JPanelConfigDatabase$5.class
com\openbravo\pos\customers\PuntosConfiguracion$2.class
com\openbravo\pos\inventory\TaxCategoriesEditor.class
com\openbravo\pos\customers\PuntosConfiguracion.class
com\openbravo\pos\config\JFrmConfig$1.class
com\openbravo\pos\customers\PuntosDataLogic$3.class
com\openbravo\pos\epm\JEmployeeFinder$3.class
com\openbravo\pos\sales\ReceiptSplit$5.class
com\openbravo\pos\config\JPanelConfigGeneral$2.class
com\openbravo\pos\inventory\ProductsEditor$9.class
com\openbravo\pos\inventory\BundleEditor$6.class
com\openbravo\pos\config\JFrmConfig$2.class
com\openbravo\pos\config\JPanelConfigGeneral$1.class
com\openbravo\pos\businesspartner\JBusinessPartnerFinder$BPListModel.class
com\openbravo\pos\sales\JTicketLines$ColumnsHandler.class
com\openbravo\pos\forms\ProcessAction.class
com\openbravo\pos\inventory\ProductsEditor$3.class
com\openbravo\pos\sales\JRefundLines$1.class
com\openbravo\pos\customers\CustomersPanel.class
com\openbravo\pos\forms\UpdateChecker$UpdateInfo.class
com\openbravo\pos\inventory\AttributeFilter$2.class
com\openbravo\pos\imports\CustomerCSVImport$3.class
com\openbravo\pos\forms\JAuthPanel$2.class
com\openbravo\pos\inventory\StockManagement$ProductStockTableModel.class
com\openbravo\pos\ticket\ProductFilter2.class
com\openbravo\pos\sales\JPanelTicketEdits$CatalogListener.class
com\openbravo\pos\epm\JEmployeeFinder$2.class
com\openbravo\pos\sales\ReceiptSplit$4.class
com\openbravo\pos\config\JPanelConfigGeneral$8.class
com\openbravo\pos\suppliers\SupplierTicketSelector.class
com\openbravo\pos\imports\CustomerCSVImport$21.class
com\openbravo\pos\imports\JPanelCSVImport$27.class
com\openbravo\pos\config\JPanelConfigPeripheral$6.class
com\openbravo\pos\payment\PaymentPanelKeyboard.class
com\openbravo\pos\panels\JTicketsFinder.class
com\openbravo\pos\panels\BundleFilter.class
com\openbravo\pos\reports\JParamsSuppliers$1.class
com\openbravo\pos\util\ModernLookAndFeel.class
com\openbravo\pos\imports\CustomerCSVImport$4.class
com\openbravo\pos\menu\JRootMenu.class
com\openbravo\pos\inventory\BundlePanel.class
com\openbravo\pos\forms\JAuthPanel$3.class
com\openbravo\pos\config\JPanelConfigPeripheral$7.class
com\openbravo\pos\config\JPanelConfigPeripheral.class
com\openbravo\pos\imports\JPanelCSVImport$28.class
com\openbravo\pos\inventory\AttributeFilter$1.class
com\openbravo\pos\imports\CustomerCSVImport$27.class
com\openbravo\pos\config\JPanelTicketSetup.class
com\openbravo\pos\reports\JParamsSuppliers$2.class
com\openbravo\pos\config\JPanelConfiguration$CloseEvent.class
com\openbravo\pos\inventory\ProductsEditor.class
com\openbravo\pos\suppliers\OrderSupplierList$SelectedSupplierAction.class
com\openbravo\pos\customers\PuntosConfiguracion$1.class
com\openbravo\pos\menu\MenuDefinition.class
com\openbravo\pos\admin\PeopleView$3.class
com\openbravo\pos\config\JPanelConfigLocale$LocaleInfo.class
com\openbravo\pos\forms\JAuthPanel$9.class
com\openbravo\pos\forms\JDialogForgotPassword$3.class
com\openbravo\pos\ticket\ProductFilter3.class
com\openbravo\pos\inventory\StockDiaryEditor$12.class
com\openbravo\pos\imports\CustomerCSVImport$20.class
com\openbravo\pos\config\JPanelConfigGeneral$7.class
com\openbravo\pos\inventory\ProductsEditor$4.class
com\openbravo\pos\sebastian\Customer.class
com\openbravo\pos\forms\JAuthPanel.class
com\openbravo\pos\forms\JAuthPanel$7.class
com\openbravo\pos\inventory\ProductsEditor$8.class
com\openbravo\pos\config\JPanelConfigGeneral$6.class
com\openbravo\pos\sales\JPanelTicketSales.class
com\openbravo\pos\customers\PuntosDataLogic$2.class
com\openbravo\pos\epm\JEmployeeFinder$4.class
com\openbravo\pos\imports\CustomerCSVImport$8.class
com\openbravo\pos\sales\simple\JTicketsBagSimple.class
com\openbravo\pos\panels\PaymentsEditor.class
com\openbravo\pos\inventory\ProductsEditor$5.class
com\openbravo\pos\sales\shared\JTicketsBagShared$2.class
com\openbravo\pos\payment\JPaymentMagcard.class
com\openbravo\pos\sales\restaurant\JTicketsBagRestaurantRes$MyDateFilter.class
com\openbravo\pos\payment\JPaymentSelect$JPaymentMagcardCreator.class
com\openbravo\pos\config\JPanelConfigGeneral$3.class
com\openbravo\pos\forms\JAuthPanel$11.class
com\openbravo\pos\imports\CustomerCSVImport$25.class
com\openbravo\pos\config\JPanelConfigPeripheral$5.class
com\openbravo\pos\panels\PaymentsReprintModel$ProductSalesLine.class
com\openbravo\pos\sales\ReceiptSplit$1.class
com\openbravo\pos\inventory\ProductsEditor$12.class
com\openbravo\pos\ticket\ProductFilter4.class
com\openbravo\pos\config\JPanelConfigERP$1.class
com\openbravo\pos\util\ApplicationLogger$DualPrintStream.class
com\openbravo\pos\payment\PaymentPanelMagCard$1.class
com\openbravo\pos\config\JPanelConfigPeripheral$2.class
com\openbravo\pos\panels\JPanelCloseMoneyReprint$1.class
com\openbravo\pos\imports\CustomerCSVImport$22.class
com\openbravo\pos\inventory\CategoriesPanel.class
com\openbravo\pos\payment\ConfigPaymentPanelEmpty.class
com\openbravo\pos\sales\JProductAttEdit.class
com\openbravo\pos\imports\CustomerCSVImport$5.class
com\openbravo\pos\forms\JPrincipalApp$2.class
com\openbravo\pos\forms\JAuthPanel$4.class
com\openbravo\pos\panels\PaymentsModel$2.class
com\openbravo\pos\catalog\JFlowPanel$ModernFlowLayout.class
com\openbravo\pos\inventory\StockDiaryPanel$1$1.class
com\openbravo\pos\forms\JAuthPanel$12.class
com\openbravo\pos\inventory\AttributeValuesPanel$ReloadActionListener.class
com\openbravo\pos\payment\VoucherPaymentInfo.class
com\openbravo\pos\inventory\ProductsEditor$6.class
com\openbravo\pos\sales\JProductLineEditTax$RecalculateUnits.class
com\openbravo\pos\forms\JAuthPanel$5.class
com\openbravo\pos\util\ApplicationLogger.class
com\openbravo\pos\forms\JDialogInitialCash.class
com\openbravo\pos\imports\CustomerCSVImport$24.class
com\openbravo\pos\imports\CustomerCSVImport$6.class
com\openbravo\pos\sales\JProductAttEdit2$2.class
com\openbravo\pos\sales\restaurant\JPanelPlaces.class
com\openbravo\pos\payment\JPaymentCheque.class
com\openbravo\pos\inventory\ProductsPanel$DownloadResult.class
com\openbravo\pos\panels\PaymentsModel$1.class
com\openbravo\pos\forms\JAuthPanel$6.class
com\openbravo\pos\reports\JParamsDatesInterval.class
com\openbravo\pos\customers\CustomersView.class
com\openbravo\pos\inventory\ProductsEditor$7.class
com\openbravo\pos\imports\CustomerCSVImport$23.class
com\openbravo\pos\config\JPanelConfigPeripheral$3.class
com\openbravo\pos\panels\JProductFinder$MyListData.class
com\openbravo\pos\forms\JAuthPanel$13.class
com\openbravo\pos\admin\PeopleView.class
com\openbravo\pos\sales\JProductLineEditTax$RecalculateName.class
com\openbravo\pos\imports\CustomerCSVImport$7.class
com\openbravo\pos\inventory\ProductsEditor$10.class
com\openbravo\pos\config\JPanelConfigGeneral$4.class
com\openbravo\pos\catalog\JProductsSelector.class
com\openbravo\pos\epm\BreaksPanel.class
com\openbravo\pos\sales\JProductAttEdit2$1.class
com\openbravo\pos\inventory\PriceImportPanel$1.class
com\openbravo\pos\sales\JProductLineEdit$RecalculatePriceTax.class
com\openbravo\pos\config\JPanelTicketSetup$5.class
com\openbravo\pos\inventory\CategoriesEditor$3.class
com\openbravo\pos\panels\JTicketsFinder$6.class
com\openbravo\pos\imports\JPanelCSVImport$25.class
com\openbravo\pos\imports\CustomerCSVImport$16.class
com\openbravo\pos\firebase\FirebaseDownloadManagerREST.class
com\openbravo\pos\config\JPanelConfigFirebase.class
com\openbravo\pos\forms\JPrincipalApp.class
com\openbravo\pos\sales\ReceiptSplit$2.class
com\openbravo\pos\config\JPanelConfigSystem$4.class
com\openbravo\pos\customers\JDialogNewCustomer$2.class
com\openbravo\pos\catalog\JCatalog$1.class
com\openbravo\pos\sales\JProductLineEditTax$RecalculatePriceTax.class
com\openbravo\pos\ticket\ProductFilterSales$2.class
com\openbravo\pos\inventory\AttributeFilter.class
com\openbravo\pos\payment\PaymentPanelKeyboard$RecalculateName.class
com\openbravo\pos\imports\CustomerCSVImport$29.class
com\openbravo\pos\sales\JRefundLines$3.class
com\openbravo\pos\sales\shared\JTicketsReprintList.class
com\openbravo\pos\imports\CustomerCSVImport$1.class
com\openbravo\pos\imports\JPanelCSVImport$12.class
com\openbravo\pos\inventory\ProductsEditor$14.class
com\openbravo\pos\reports\JRViewer400$23.class
com\openbravo\pos\inventory\ProductsGranelPanel$GranelSerializerRead.class
com\openbravo\pos\sales\restaurant\JTicketsBagRestaurant$3.class
com\openbravo\pos\inventory\StockDiaryEditor$2.class
com\openbravo\pos\inventory\ProductSaveProviderWithAdminValidation.class
com\openbravo\pos\core\spi\gui\FlatlafProvider.class
com\openbravo\pos\payment\JPaymentSelect$2.class
com\openbravo\pos\sales\JGranelDialog$4.class
com\openbravo\pos\sales\JTicketLines$TicketCellRendererSent.class
com\openbravo\pos\config\JPanelConfigGeneral$5.class
com\openbravo\pos\admin\PermissionInfo.class
com\openbravo\pos\panels\PaymentsEditor$PaymentReasonNegative.class
com\openbravo\pos\sales\JPanelResetPickupId$1.class
com\openbravo\pos\panels\JProductFinder$1.class
com\openbravo\pos\inventory\AttributeSetFilter.class
com\openbravo\pos\inventory\AttributeSetsEditor.class
com\openbravo\pos\ticket\ProductFilter$1.class
com\openbravo\pos\imports\JPanelCSVImport$20.class
com\openbravo\pos\epm\JEmployeeFinder$6.class
com\openbravo\pos\imports\JPanelCSVImport$17.class
com\openbravo\pos\panels\JTicketsFinder$1.class
com\openbravo\pos\panels\JPanelCloseMoneyReprint.class
com\openbravo\pos\imports\JPanelCSVCleardb$3.class
com\openbravo\pos\admin\JPeopleFinder$PeopleListModel.class
com\openbravo\pos\sales\JTicketsBagTicketBag$3.class
com\openbravo\pos\sales\restaurant\JTicketsBagRestaurantMap$5.class
com\openbravo\pos\inventory\ProductGranelStockEditor.class
com\openbravo\pos\catalog\JCatalog$CategoriesListModel.class
com\openbravo\pos\catalog\JCatalog.class
com\openbravo\pos\forms\JDialogForgotPassword$2.class
com\openbravo\pos\inventory\InvEditLine$1.class
com\openbravo\pos\inventory\ProductsPanel$1.class
com\openbravo\pos\suppliers\SuppliersView.class
com\openbravo\pos\customers\OrderCustomerList.class
com\openbravo\pos\inventory\ProductsEditor$19.class
com\openbravo\pos\forms\AppViewConnection.class
com\openbravo\pos\config\JPanelConfigFirebase$8.class
com\openbravo\pos\admin\ResourcesPanel.class
com\openbravo\pos\inventory\InventoryRecord.class
com\openbravo\pos\sales\JTicketsBagTicket$3.class
com\openbravo\pos\panels\AuxiliarFilter$2.class
com\openbravo\pos\panels\JProductFinder$6.class
com\openbravo\pos\config\JPanelConfigCompany$1.class
com\openbravo\pos\suppliers\JSupplierFinder$5.class
com\openbravo\pos\epm\JEmployeeFinder$1.class
com\openbravo\pos\customers\PuntosDataLogic$1.class
com\openbravo\pos\sales\restaurant\JTicketsBagRestaurantMap.class
com\openbravo\pos\panels\JPanelCloseMoney$7.class
com\openbravo\pos\customers\CustomersView$5.class
com\openbravo\pos\panels\SQLTableModel.class
com\openbravo\pos\firebase\JPanelFirebaseUsersDialog$1.class
com\openbravo\pos\sales\shared\JTicketsBagShared$5.class
com\openbravo\pos\sales\JPanelTicket$25.class
com\openbravo\pos\payment\PaymentPanelEMV.class
com\openbravo\pos\reports\JPanelGraphics$1.class
com\openbravo\pos\config\JPanelConfigDatabase$1.class
com\openbravo\pos\panels\BundleFilter$1.class
com\openbravo\pos\epm\EmployeeRenderer.class
com\openbravo\pos\inventory\ProductsEditor$2.class
com\openbravo\pos\sebastian\JCustomerPanel$2.class
com\openbravo\pos\catalog\JCatalog$SelectCategoryListener.class
com\openbravo\pos\config\JPanelConfigGeneral$11.class
com\openbravo\pos\menu\JRootMenu$ScriptSubmenu.class
com\openbravo\pos\ticket\ProductFilter1.class
com\openbravo\pos\panels\JPanelPrinter.class
com\openbravo\pos\panels\JPanelCloseMoney$2.class
com\openbravo\pos\sales\JPanelTicketSales$CatalogSelectionListener.class
com\openbravo\pos\panels\JTicketsFinder$MyListData.class
com\openbravo\pos\customers\JCustomerFinder$MyListData.class
com\openbravo\pos\payment\JPaymentPaper.class
com\openbravo\pos\reports\JPanelGraphics$DepartmentData.class
com\openbravo\pos\inventory\ProductsGranelPanel.class
com\openbravo\pos\menu\JRootMenu$ScriptMenu.class
com\openbravo\pos\inventory\BundleEditor$5.class
com\openbravo\pos\suppliers\OrderSupplierList$SupplierComparator.class
com\openbravo\pos\imports\StockQtyImport$workProcess.class
com\openbravo\pos\admin\RolesPanel$1.class
com\openbravo\pos\panels\PaymentsReprintModel$SalesLine.class
com\openbravo\pos\reports\JRViewer400$10.class
com\openbravo\pos\sales\JPanelButtons$ConfigurationHandler$2.class
com\openbravo\pos\sales\JPanelTicket$4.class
com\openbravo\pos\inventory\AttributesEditor.class
com\openbravo\pos\sales\JPanelTicket$33.class
com\openbravo\pos\panels\JPanelPayments.class
com\openbravo\pos\inventory\PriceImportPanel.class
com\openbravo\pos\suppliers\SuppliersView$1.class
com\openbravo\pos\sales\restaurant\JTicketsBagRestaurantRes$5.class
com\openbravo\pos\imports\CustomerCSVImport$11.class
com\openbravo\pos\payment\JPaymentSlip$RecalculateState.class
com\openbravo\pos\panels\JPanelTable.class
com\openbravo\pos\reports\JParamsText.class
com\openbravo\pos\businesspartner\JBusinessPartnerFinder$4.class
com\openbravo\pos\epm\LeavesView.class
com\openbravo\pos\payment\JPaymentSelect$7.class
com\openbravo\pos\businesspartner\JBusinessPartnerFinder$5.class
com\openbravo\pos\epm\LeavesView$2.class
com\openbravo\pos\inventory\ProductsEditor$22.class
com\openbravo\pos\customers\JCustomerFinder$5.class
com\openbravo\pos\config\JPanelConfigSystem.class
com\openbravo\pos\inventory\StockDiaryEditor$7.class
com\openbravo\pos\sales\shared\JTicketsReprintList$JButtonTicket.class
com\openbravo\pos\core\spi\gui\DefaultLafProvider.class
com\openbravo\pos\reports\JPanelGraphics.class
com\openbravo\pos\inventory\ProductsWarehousePanel$ReloadActionListener.class
com\openbravo\pos\sales\JPanelButtons$JPanelButtonListener.class
com\openbravo\pos\reports\JRViewer400$9.class
com\openbravo\pos\admin\ResourceType.class
com\openbravo\pos\sales\JGranelDialog$CampoConPanel.class
com\openbravo\pos\payment\PaymentPanelKeyboard$1.class
com\openbravo\pos\reports\JRViewer400$19.class
com\openbravo\pos\inventory\TaxCategoriesEditor$1.class
com\openbravo\pos\inventory\StockDiaryPanel$1.class
com\openbravo\pos\reports\JParamsComposed.class
com\openbravo\pos\config\PanelConfig.class
com\openbravo\pos\inventory\AuxiliarEditor$3.class
com\openbravo\pos\panels\BundleFilter$2.class
com\openbravo\pos\sales\JProductLineEdit$RecalculateName.class
com\openbravo\pos\epm\JEmployeeFinder.class
com\openbravo\pos\config\ParametersConfig.class
com\openbravo\pos\admin\JPeopleFinder$6.class
com\openbravo\pos\catalog\ProductCardV2.class
com\openbravo\pos\panels\JTicketsFinder$10.class
com\openbravo\pos\voucher\JDialogReportPanel$1.class
com\openbravo\pos\customers\CustomersPayment$4.class
com\openbravo\pos\reports\JRViewer400$8.class
com\openbravo\pos\sales\JPanelTicket$11.class
com\openbravo\pos\sebastian\JCustomerPanel.class
com\openbravo\pos\menu\MenuItemDefinition.class
com\openbravo\pos\sebastian\Purchase.class
com\openbravo\pos\customers\JCustomerFinder$1.class
com\openbravo\pos\inventory\StockManagement$11.class
com\openbravo\pos\sales\JTicketLines$1.class
com\openbravo\pos\inventory\StockManagement$3.class
com\openbravo\pos\reports\JParamsCustomer.class
com\openbravo\pos\customers\CustomersView$9.class
com\openbravo\pos\inventory\ProductGranelStockEditor$1.class
com\openbravo\pos\sales\JPanelTicket$17.class
com\openbravo\pos\payment\JPaymentSlip$1.class
com\openbravo\pos\config\JPanelConfigPeripheral$14.class
com\openbravo\pos\sales\restaurant\JTicketsBagRestaurantRes$1.class
com\openbravo\pos\inventory\ProductsWarehousePanel$WarehouseSerializerRead.class
com\openbravo\pos\reports\JRViewer400.class
com\openbravo\pos\reports\JRViewer400$14.class
com\openbravo\pos\sales\JPanelTicket$8.class
com\openbravo\pos\customers\CustomersView$12.class
com\openbravo\pos\inventory\StockManagement$9.class
com\openbravo\pos\sales\JTicketsBagTicketBag.class
com\openbravo\pos\sales\JProductLineEdit$1.class
com\openbravo\pos\sales\RemoteOrderDisplay.class
com\openbravo\pos\inventory\LocationsPanel.class
com\openbravo\pos\sebastian\JCustomerPanel$3.class
com\openbravo\pos\util\ApplicationLogger$1.class
com\openbravo\pos\suppliers\JSupplierFinder$6.class
com\openbravo\pos\inventory\ProductsWarehouseEditor.class
com\openbravo\pos\payment\JPaymentSelect$JPaymentFreeCreator.class
com\openbravo\pos\imports\JPanelCSVImport$16.class
com\openbravo\pos\sales\JPanelButtons$JButtonFunc.class
com\openbravo\pos\inventory\StockManagement$16.class
com\openbravo\pos\imports\JPanelCSVImport$21.class
com\openbravo\pos\reports\JRDataSourceBasic.class
com\openbravo\pos\panels\PaymentsReprintModel.class
com\openbravo\pos\panels\JPanelCloseMoney$14.class
com\openbravo\pos\config\JPanelConfigPeripheral$13.class
com\openbravo\pos\reports\JPanelGraphics$2.class
com\openbravo\pos\inventory\LocationsView.class
com\openbravo\pos\inventory\BundleEditor$1.class
com\openbravo\pos\sales\JPanelTicket$24.class
com\openbravo\pos\inventory\StockManagement$8.class
com\openbravo\pos\sales\JPanelTicket$12.class
com\openbravo\pos\admin\JPeopleFinder$5.class
com\openbravo\pos\sales\JProductLineEdit$2.class
com\openbravo\pos\sales\restaurant\JTicketsBagRestaurant$2.class
com\openbravo\pos\payment\JPaymentSelect$1.class
com\openbravo\pos\reports\JRViewer400$22.class
com\openbravo\pos\payment\JPaymentVoucher$1.class
com\openbravo\pos\panels\JPanelCloseMoney$13.class
com\openbravo\pos\config\JPanelConfiguration$1.class
com\openbravo\pos\reports\PanelReportBean.class
com\openbravo\pos\customers\CustomersPayment$5.class
com\openbravo\pos\sales\JTicketsBagTicket.class
com\openbravo\pos\inventory\StockDiaryEditor$3.class
com\openbravo\pos\inventory\ProductsEditor$FieldsManager.class
com\openbravo\pos\forms\UpdateManager$ProgressCallback.class
com\openbravo\pos\config\JPanelConfigSystem$3.class
com\openbravo\pos\sales\JTicketLines$HeaderCellRenderer.class
com\openbravo\pos\sales\JPanelTicket$9.class
com\openbravo\pos\reports\JRViewer400$15.class
com\openbravo\pos\sales\JPanelResetPickupId$2.class
com\openbravo\pos\inventory\StockManagement$4.class
com\openbravo\pos\catalog\CatalogItem.class
com\openbravo\pos\imports\JPanelCSVImport$11.class
com\openbravo\pos\sales\restaurant\JTicketsBagRestaurantRes$DateChangeTimeListener.class
com\openbravo\pos\forms\JRootFrame$1.class
com\openbravo\pos\config\JPanelTicketSetup$1.class
com\openbravo\pos\panels\AuxiliarFilter.class
com\openbravo\pos\sales\restaurant\JTicketsBagRestaurantRes$CompareReservations.class
com\openbravo\pos\ticket\ProductFilter3$1.class
com\openbravo\pos\imports\JPanelCSVImport$5.class
com\openbravo\pos\instance\InstanceManager.class
com\openbravo\pos\config\ParametersPrinter$1.class
com\openbravo\pos\inventory\AttributeUsePanel.class
com\openbravo\pos\supabase\SupabaseServiceREST$SendResult.class
com\openbravo\pos\config\JFrmConfig.class
com\openbravo\pos\reports\JRViewer400$4.class
com\openbravo\pos\sales\JPanelTicket$20.class
com\openbravo\pos\inventory\StockDiaryEditor$1.class
com\openbravo\pos\catalog\ProductCardV3.class
com\openbravo\pos\panels\PaymentsModel$DrawerOpenedLines.class
com\openbravo\pos\payment\JPaymentBank$1.class
com\openbravo\pos\payment\JPaymentCashPos$ScriptPaymentCash.class
com\openbravo\pos\catalog\JCatalog$2.class
com\openbravo\pos\customers\OrderCustomerList$1.class
com\openbravo\pos\sales\restaurant\JTicketsBagRestaurant$4.class
com\openbravo\pos\customers\CustomerEventHandler.class
com\openbravo\pos\admin\JPeopleFinder$1.class
com\openbravo\pos\forms\JCopyRightPanel.class
com\openbravo\pos\forms\JRootFrame.class
com\openbravo\pos\imports\StockQtyImport$4.class
com\openbravo\pos\panels\SQLTable.class
com\openbravo\pos\payment\JPaymentSelect$JPaymentCashRefundCreator.class
com\openbravo\pos\forms\JDialogUpdate$1.class
com\openbravo\pos\sales\JPanelTicket.class
com\openbravo\pos\imports\JPanelCSVImport$4.class
com\openbravo\pos\sales\JPanelResetPickupId.class
com\openbravo\pos\inventory\AuxiliarEditor$4.class
com\openbravo\pos\sebastian\Purchase$PurchaseItem.class
com\openbravo\pos\supabase\SupabaseServiceManager.class
com\openbravo\pos\suppliers\JDialogNewSupplier$1.class
com\openbravo\pos\sales\JPanelTicket$16.class
com\openbravo\pos\sales\JPanelTicket$21.class
com\openbravo\pos\util\ModernLookAndFeel$2.class
com\openbravo\pos\reports\JRViewer400$3.class
com\openbravo\pos\admin\JPeopleFinder.class
com\openbravo\pos\imports\JPanelCSVImport$workProcess.class
com\openbravo\pos\inventory\TaxEditor$1.class
com\openbravo\pos\menu\MenuTitleDefinition.class
com\openbravo\pos\imports\StockQtyImport$5.class
com\openbravo\pos\panels\JPanelCloseMoney$FormatsPayment.class
com\openbravo\pos\inventory\StockManagement$12.class
com\openbravo\pos\inventory\InvEditLine.class
com\openbravo\pos\imports\JPanelCSVImport$13.class
com\openbravo\pos\inventory\JDlgUploadProducts$1.class
com\openbravo\pos\inventory\UomEditor.class
com\openbravo\pos\voucher\VoucherEditor.class
com\openbravo\pos\config\JPanelConfigCompany.class
com\openbravo\pos\panels\JPanelCloseMoney$1.class
com\openbravo\pos\sales\restaurant\PlacesEditor.class
com\openbravo\pos\customers\JCustomerFinder.class
com\openbravo\pos\inventory\ProductsEditor$21.class
com\openbravo\pos\suppliers\JSupplierFinder$4.class
com\openbravo\pos\catalog\ButtonWithBackground.class
com\openbravo\pos\config\JPanelConfigFirebase$2.class
com\openbravo\pos\panels\PaymentsEditor$1.class
com\openbravo\pos\catalog\ProductCardV2$1.class
com\openbravo\pos\data\DBMigrator.class
com\openbravo\pos\sales\JTicketsBagTicket$4.class
com\openbravo\pos\payment\JPaymentCheque$1.class
com\openbravo\pos\businesspartner\BusinessPartnerListCellRenderer.class
com\openbravo\pos\customers\CustomersView$6.class
com\openbravo\pos\sales\JPanelTicket$26.class
com\openbravo\pos\payment\JPaymentSelectReceipt.class
com\openbravo\pos\imports\JPanelCSVImport$18.class
com\openbravo\pos\payment\JPaymentBank$RecalculateState.class
com\openbravo\pos\panels\AuxiliarFilter$1.class
com\openbravo\pos\epm\LeavesView$3.class
com\openbravo\pos\payment\JPaymentSelectCustomer.class
com\openbravo\pos\inventory\InvEditLine$2.class
com\openbravo\pos\imports\CustomerCSVImport$10.class
com\openbravo\pos\panels\BundleFilter$5.class
com\openbravo\pos\panels\JPanelCloseMoney$6.class
com\openbravo\pos\sales\JPanelButtons$ConfigurationHandler.class
com\openbravo\pos\payment\JPaymentInterface.class
com\openbravo\pos\sales\JTicketLines$TicketCellRenderer.class
com\openbravo\pos\admin\JPeopleFinder$4.class
com\openbravo\pos\firebase\FirebaseSyncManagerREST$SyncResult.class
com\openbravo\pos\customers\CustomersPayment$6.class
com\openbravo\pos\config\ParametersPrinter.class
com\openbravo\pos\imports\CustomerCSVImport$31.class
com\openbravo\pos\customers\ClientePuntos.class
com\openbravo\pos\supabase\PeopleServiceSupabase.class
com\openbravo\pos\config\JPanelConfiguration$2.class
com\openbravo\pos\sales\JPanelTicket$13.class
com\openbravo\pos\config\JPanelConfigFirebase$7.class
com\openbravo\pos\menu\MenuElement.class
com\openbravo\pos\payment\JPaymentFree.class
com\openbravo\pos\sales\JProductAttEdit$1.class
com\openbravo\pos\catalog\JFlowPanel.class
com\openbravo\pos\forms\JDialogInitialCash$1.class
com\openbravo\pos\imports\JPanelCSVImport$6.class
com\openbravo\pos\customers\CustomersView$TransactionTableModel.class
com\openbravo\pos\inventory\ProductGranelStockEditor$DecimalDocumentFilter.class
com\openbravo\pos\admin\RolesView$1.class
com\openbravo\pos\inventory\JInventoryLines$DataCellRenderer.class
com\openbravo\pos\imports\CustomerCSVImport$15.class
com\openbravo\pos\panels\JTicketsFinder$7.class
com\openbravo\pos\businesspartner\JBusinessPartnerFinder.class
com\openbravo\pos\payment\PaymentPanel.class
com\openbravo\pos\admin\RolesView.class
com\openbravo\pos\panels\PaymentsEditor$PaymentReasonPositive.class
com\openbravo\pos\panels\JPanelCloseMoney$ConsolidatedProduct.class
com\openbravo\pos\epm\LeavesView$1.class
com\openbravo\pos\sales\JProductAttListItem$1.class
com\openbravo\pos\inventory\StockDiaryEditor$6.class
com\openbravo\pos\sebastian\CustomerService.class
com\openbravo\pos\payment\JPaymentSelect$JPaymentVoucherCreator.class
com\openbravo\pos\sales\JProductLineEditTax$RecalculatePrice.class
com\openbravo\pos\menu\MenuPanelAction.class
com\openbravo\pos\customers\CustomersView$8.class
com\openbravo\pos\sales\JPanelTicket$3.class
com\openbravo\pos\panels\JPanelCloseMoney.class
com\openbravo\pos\panels\PaymentsModel$SalesLine.class
com\openbravo\pos\imports\StockQtyImport.class
com\openbravo\pos\sales\JPanelTicket$28.class
com\openbravo\pos\forms\JRootApp$1.class
com\openbravo\pos\panels\JProductFinder$2.class
com\openbravo\pos\config\JPanelConfigPeripheral$15.class
com\openbravo\pos\payment\JPaymentSelectRefund.class
com\openbravo\pos\sales\restaurant\JTicketsBagRestaurantRes$2.class
com\openbravo\pos\payment\PaymentPanelMagCard$KeyBarsListener.class
com\openbravo\pos\panels\JProductFinder$5.class
com\openbravo\pos\reports\JParamsDatesInterval$1.class
com\openbravo\pos\sales\restaurant\JTicketsBagRestaurantMap$1.class
com\openbravo\pos\panels\JTicketsFinder$5.class
com\openbravo\pos\config\JPanelConfigPeripheral$17.class
com\openbravo\pos\payment\JPaymentVoucher$RecalculateState.class
com\openbravo\pos\inventory\CategoriesEditor.class
com\openbravo\pos\payment\JPaymentSlip.class
com\openbravo\pos\ticket\ProductFilterSales.class
com\openbravo\pos\firebase\FirebaseService.class
com\openbravo\pos\sales\JProductLineEdit$RecalculatePrice.class
com\openbravo\pos\sales\restaurant\JTicketsBagRestaurantMap$4.class
com\openbravo\pos\customers\JDialogNewCustomer$1.class
com\openbravo\pos\voucher\VoucherEditor$2.class
com\openbravo\pos\panels\JTicketsFinder$2.class
com\openbravo\pos\suppliers\JSupplierFinder$2.class
com\openbravo\pos\suppliers\SuppliersPanel.class
com\openbravo\pos\ticket\LocationFilterSales.class
com\openbravo\pos\inventory\StockDiaryEditor$8.class
com\openbravo\pos\sales\JPanelTicket$10.class
com\openbravo\pos\panels\JPanelCloseMoney$3.class
com\openbravo\pos\ticket\LocationFilterSales$1.class
com\openbravo\pos\reports\ReportFieldsArray.class
com\openbravo\pos\imports\JPanelCSVCleardb.class
com\openbravo\pos\inventory\JDlgUploadProducts.class
com\openbravo\pos\payment\JPaymentCashPos$AddAmount.class
com\openbravo\pos\imports\JPanelCSVImport$9.class
com\openbravo\pos\config\JPanelConfigPayment.class
com\openbravo\pos\inventory\ProductsWarehousePanel$1.class
com\openbravo\pos\sales\restaurant\JTicketsBagRestaurantMap$MyActionListener.class
com\openbravo\pos\panels\JPanelCloseMoney$CategorySalesData.class
com\openbravo\pos\reports\JParamsUser$1.class
com\openbravo\pos\panels\AuxiliarFilter$6.class
com\openbravo\pos\inventory\JInventoryLines$InventoryTableModel.class
com\openbravo\pos\sales\shared\JTicketsReprintList$1.class
com\openbravo\pos\sales\JTicketsBagTicket$6.class
com\openbravo\pos\sales\restaurant\JTicketsBagRestaurantMap$tableMapRefresh.class
com\openbravo\pos\sales\restaurant\JTicketsBagRestaurantRes$4.class
com\openbravo\pos\admin\PeopleRenderer.class
com\openbravo\pos\imports\CustomerCSVImport$12.class
com\openbravo\pos\panels\JPanelCloseMoney$4.class
com\openbravo\pos\inventory\TaxPanel.class
com\openbravo\pos\sales\JPanelTicket$5.class
com\openbravo\pos\inventory\UomPanel.class
com\openbravo\pos\reports\ReportException.class
com\openbravo\pos\panels\PaymentsReprintModel$PaymentsLine.class
com\openbravo\pos\sales\JPanelTicket$29.class
com\openbravo\pos\panels\JTicketsFinder$9.class
com\openbravo\pos\voucher\VoucherEditor$1.class
com\openbravo\pos\payment\JPaymentPaper$1.class
com\openbravo\pos\config\JPanelFirebaseUsers$1.class
com\openbravo\pos\forms\UpdateChecker.class
com\openbravo\pos\sales\JProductLineEditTax.class
com\openbravo\pos\imports\CustomerCSVImport$19.class
com\openbravo\pos\sales\restaurant\JTicketsBagRestaurant.class
com\openbravo\pos\panels\PaymentsModel$CategorySalesLine.class
com\openbravo\pos\panels\AuxiliarFilter$4.class
com\openbravo\pos\suppliers\JSupplierFinder$1.class
com\openbravo\pos\sales\JGranelDialog$1.class
com\openbravo\pos\forms\JDialogInitialCash$3.class
com\openbravo\pos\forms\JDlgChangePassword.class
com\openbravo\pos\imports\CustomerCSVImport$33.class
com\openbravo\pos\sales\restaurant\JTicketsBagRestaurantRes.class
com\openbravo\pos\customers\TicketSelector.class
com\openbravo\pos\reports\JPanelReport$1.class
com\openbravo\pos\panels\JPanelCloseMoney$9.class
com\openbravo\pos\imports\CustomerCSVImport$13.class
com\openbravo\pos\inventory\StockDiaryEditor.class
com\openbravo\pos\panels\PaymentsModel.class
com\openbravo\pos\inventory\TaxCategoriesPanel.class
com\openbravo\pos\reports\JParamsCustomer$2.class
com\openbravo\pos\inventory\CategoriesEditor$StockTableModel.class
com\openbravo\pos\inventory\CategoriesEditor$1.class
com\openbravo\pos\customers\CustomersView$3.class
com\openbravo\pos\sales\JTicketsBagTicket$2.class
com\openbravo\pos\ticket\FindTicketsRenderer.class
com\openbravo\pos\panels\JTicketsFinder$8.class
com\openbravo\pos\config\JPanelConfigPeripheral$18.class
com\openbravo\pos\imports\CustomerCSVImport$14.class
com\openbravo\pos\panels\AuxiliarFilter$3.class
com\openbravo\pos\reports\JParamsCustomer$1.class
com\openbravo\pos\epm\LeavesPanel.class
com\openbravo\pos\sales\JPanelTicket$1.class
com\openbravo\pos\config\JPanelConfigPayment$1.class
com\openbravo\pos\sales\shared\JTicketsBagShared.class
com\openbravo\pos\inventory\TaxCustCategoriesEditor.class
com\openbravo\pos\reports\JRViewer400$ImageMapPanel.class
com\openbravo\pos\core\spi\package-info.class
com\openbravo\pos\customers\CustomersView$4.class
com\openbravo\pos\panels\ValidationPanel$VUI.class
com\openbravo\pos\payment\JPaymentSelect$JPaymentDebtCreator.class
com\openbravo\pos\sales\shared\JTicketsBagSharedList$1.class
com\openbravo\pos\inventory\AttributeSetsPanel.class
com\openbravo\pos\forms\JRootApp$2.class
com\openbravo\pos\imports\CustomerCSVImport$32.class
com\openbravo\pos\payment\JPaymentSelect$JPaymentChequeRefundCreator.class
com\openbravo\pos\inventory\JInventoryLines$1.class
com\openbravo\pos\config\JPanelFirebaseUsers$2.class
com\openbravo\pos\sales\JPanelTicket$2.class
com\openbravo\pos\inventory\AttributeValuesPanel.class
com\openbravo\pos\sales\JGranelDialog$2.class
com\openbravo\pos\sales\shared\JTicketsBagSharedList$2.class
com\openbravo\pos\customers\PuntosDataLogic.class
com\openbravo\pos\menu\JRootMenu$ExitAction.class
com\openbravo\pos\config\JPanelConfigPayment$2.class
com\openbravo\pos\admin\ResourcesView.class
com\openbravo\pos\inventory\UomEditor$1.class
com\openbravo\pos\forms\JDialogInitialCash$2.class
com\openbravo\pos\customers\CustomersView$2.class
com\openbravo\pos\sales\JGranelDialog$3.class
com\openbravo\pos\suppliers\OrderSupplierList$1.class
com\openbravo\pos\payment\JPaymentBank.class
com\openbravo\pos\sales\SimpleReceipt$1.class
com\openbravo\pos\panels\JPanelCloseMoney$8.class
com\openbravo\pos\payment\JPaymentDebt.class
com\openbravo\pos\forms\JDialogCloseShift$1.class
com\openbravo\pos\payment\JPaymentSelect$JPaymentCreator.class
com\openbravo\pos\inventory\StockModel.class
com\openbravo\pos\imports\CustomerCSVImport$17.class
com\openbravo\pos\reports\JParamsUser.class
com\openbravo\pos\inventory\ProductsEditor$PriceSellManager.class
com\openbravo\pos\config\JPanelConfigFirebase$3.class
com\openbravo\pos\config\JPanelConfigFirebase$6.class
com\openbravo\pos\firebase\FirebaseServiceREST.class
com\openbravo\pos\payment\JPaymentCashPos$2.class
com\openbravo\pos\payment\JPaymentSelect$JPaymentChequeCreator.class
com\openbravo\pos\panels\PaymentsReprintModel$RemovedProductLines.class
com\openbravo\pos\admin\PeoplePanel.class
com\openbravo\pos\sales\JGranelDialog$5.class
com\openbravo\pos\config\JPanelConfigFirebase$4.class
com\openbravo\pos\payment\JPaymentCashPos$1.class
com\openbravo\pos\sales\JTicketsBagTicket$1.class
com\openbravo\pos\forms\JDialogInitialCash$4.class
com\openbravo\pos\payment\JPaymentSelect$JPaymentMagcardRefundCreator.class
com\openbravo\pos\inventory\AttributesPanel.class
com\openbravo\pos\inventory\CategoriesEditor$2.class
com\openbravo\pos\supabase\SupabaseServiceREST.class
com\openbravo\pos\panels\JPanelCloseMoney$ShiftData.class
com\openbravo\pos\config\JPanelConfigFirebase$5.class
com\openbravo\pos\payment\JPaymentCheque$RecalculateState.class
com\openbravo\pos\inventory\AttributeSetFilter$1.class
com\openbravo\pos\inventory\StockManagement$LowStockProductTableModel.class
com\openbravo\pos\forms\JDialogInitialCash$5.class
com\openbravo\pos\imports\CustomerCSVImport$18.class
com\openbravo\pos\sales\JProductAttListItem.class
com\openbravo\pos\customers\CustomersView$1.class
com\openbravo\pos\config\JPanelConfiguration.class
