D:\punto-mx\kriolos-opos-app\src\main\java\com\openbravo\pos\admin\DefaultRolesInitializer.java
D:\punto-mx\kriolos-opos-app\src\main\java\com\openbravo\pos\admin\JPeopleFinder.java
D:\punto-mx\kriolos-opos-app\src\main\java\com\openbravo\pos\admin\PeoplePanel.java
D:\punto-mx\kriolos-opos-app\src\main\java\com\openbravo\pos\admin\PeopleRenderer.java
D:\punto-mx\kriolos-opos-app\src\main\java\com\openbravo\pos\admin\PeopleView.java
D:\punto-mx\kriolos-opos-app\src\main\java\com\openbravo\pos\admin\PermissionInfo.java
D:\punto-mx\kriolos-opos-app\src\main\java\com\openbravo\pos\admin\PermissionsCatalog.java
D:\punto-mx\kriolos-opos-app\src\main\java\com\openbravo\pos\admin\ResourcesPanel.java
D:\punto-mx\kriolos-opos-app\src\main\java\com\openbravo\pos\admin\ResourcesView.java
D:\punto-mx\kriolos-opos-app\src\main\java\com\openbravo\pos\admin\ResourceType.java
D:\punto-mx\kriolos-opos-app\src\main\java\com\openbravo\pos\admin\RolesPanel.java
D:\punto-mx\kriolos-opos-app\src\main\java\com\openbravo\pos\admin\RolesView.java
D:\punto-mx\kriolos-opos-app\src\main\java\com\openbravo\pos\branches\JPanelBranchesManagement.java
D:\punto-mx\kriolos-opos-app\src\main\java\com\openbravo\pos\branches\MenuBranches.java
D:\punto-mx\kriolos-opos-app\src\main\java\com\openbravo\pos\businesspartner\BusinessPartnerListCellRenderer.java
D:\punto-mx\kriolos-opos-app\src\main\java\com\openbravo\pos\businesspartner\JBusinessPartnerFinder.java
D:\punto-mx\kriolos-opos-app\src\main\java\com\openbravo\pos\catalog\CatalogController.java
D:\punto-mx\kriolos-opos-app\src\main\java\com\openbravo\pos\catalog\CatalogItem.java
D:\punto-mx\kriolos-opos-app\src\main\java\com\openbravo\pos\catalog\CatalogSelector.java
D:\punto-mx\kriolos-opos-app\src\main\java\com\openbravo\pos\catalog\JCatalog.java
D:\punto-mx\kriolos-opos-app\src\main\java\com\openbravo\pos\catalog\JCatalogTab.java
D:\punto-mx\kriolos-opos-app\src\main\java\com\openbravo\pos\catalog\JFlowPanel.java
D:\punto-mx\kriolos-opos-app\src\main\java\com\openbravo\pos\catalog\JProductsSelector.java
D:\punto-mx\kriolos-opos-app\src\main\java\com\openbravo\pos\catalog\ProductCardV1.java
D:\punto-mx\kriolos-opos-app\src\main\java\com\openbravo\pos\catalog\ProductCardV2.java
D:\punto-mx\kriolos-opos-app\src\main\java\com\openbravo\pos\catalog\ProductCardV3.java
D:\punto-mx\kriolos-opos-app\src\main\java\com\openbravo\pos\config\JFrmConfig.java
D:\punto-mx\kriolos-opos-app\src\main\java\com\openbravo\pos\config\JPanelConfigCompany.java
D:\punto-mx\kriolos-opos-app\src\main\java\com\openbravo\pos\config\JPanelConfigDatabase.java
D:\punto-mx\kriolos-opos-app\src\main\java\com\openbravo\pos\config\JPanelConfigERP.java
D:\punto-mx\kriolos-opos-app\src\main\java\com\openbravo\pos\config\JPanelConfigFirebase.java
D:\punto-mx\kriolos-opos-app\src\main\java\com\openbravo\pos\config\JPanelConfigGeneral.java
D:\punto-mx\kriolos-opos-app\src\main\java\com\openbravo\pos\config\JPanelConfigLocale.java
D:\punto-mx\kriolos-opos-app\src\main\java\com\openbravo\pos\config\JPanelConfigPayment.java
D:\punto-mx\kriolos-opos-app\src\main\java\com\openbravo\pos\config\JPanelConfigPeripheral.java
D:\punto-mx\kriolos-opos-app\src\main\java\com\openbravo\pos\config\JPanelConfigSystem.java
D:\punto-mx\kriolos-opos-app\src\main\java\com\openbravo\pos\config\JPanelConfiguration.java
D:\punto-mx\kriolos-opos-app\src\main\java\com\openbravo\pos\config\JPanelFirebaseUsers.java
D:\punto-mx\kriolos-opos-app\src\main\java\com\openbravo\pos\config\JPanelTicketSetup.java
D:\punto-mx\kriolos-opos-app\src\main\java\com\openbravo\pos\config\LocaleComparator.java
D:\punto-mx\kriolos-opos-app\src\main\java\com\openbravo\pos\config\PanelConfig.java
D:\punto-mx\kriolos-opos-app\src\main\java\com\openbravo\pos\config\ParametersConfig.java
D:\punto-mx\kriolos-opos-app\src\main\java\com\openbravo\pos\config\ParametersPrinter.java
D:\punto-mx\kriolos-opos-app\src\main\java\com\openbravo\pos\core\spi\gui\DefaultLafProvider.java
D:\punto-mx\kriolos-opos-app\src\main\java\com\openbravo\pos\core\spi\gui\FlatlafProvider.java
D:\punto-mx\kriolos-opos-app\src\main\java\com\openbravo\pos\core\spi\gui\LafInfo.java
D:\punto-mx\kriolos-opos-app\src\main\java\com\openbravo\pos\core\spi\gui\LafProvider.java
D:\punto-mx\kriolos-opos-app\src\main\java\com\openbravo\pos\core\spi\package-info.java
D:\punto-mx\kriolos-opos-app\src\main\java\com\openbravo\pos\customers\ClientePuntos.java
D:\punto-mx\kriolos-opos-app\src\main\java\com\openbravo\pos\customers\CustomerEventHandler.java
D:\punto-mx\kriolos-opos-app\src\main\java\com\openbravo\pos\customers\CustomersPanel.java
D:\punto-mx\kriolos-opos-app\src\main\java\com\openbravo\pos\customers\CustomersPayment.java
D:\punto-mx\kriolos-opos-app\src\main\java\com\openbravo\pos\customers\CustomersView.java
D:\punto-mx\kriolos-opos-app\src\main\java\com\openbravo\pos\customers\JCustomerFinder.java
D:\punto-mx\kriolos-opos-app\src\main\java\com\openbravo\pos\customers\JDialogNewCustomer.java
D:\punto-mx\kriolos-opos-app\src\main\java\com\openbravo\pos\customers\OrderCustomerList.java
D:\punto-mx\kriolos-opos-app\src\main\java\com\openbravo\pos\customers\PuntosConfiguracion.java
D:\punto-mx\kriolos-opos-app\src\main\java\com\openbravo\pos\customers\PuntosDataLogic.java
D:\punto-mx\kriolos-opos-app\src\main\java\com\openbravo\pos\customers\TicketSelector.java
D:\punto-mx\kriolos-opos-app\src\main\java\com\openbravo\pos\data\DBMigrator.java
D:\punto-mx\kriolos-opos-app\src\main\java\com\openbravo\pos\epm\BreaksPanel.java
D:\punto-mx\kriolos-opos-app\src\main\java\com\openbravo\pos\epm\BreaksView.java
D:\punto-mx\kriolos-opos-app\src\main\java\com\openbravo\pos\epm\EmployeeRenderer.java
D:\punto-mx\kriolos-opos-app\src\main\java\com\openbravo\pos\epm\JEmployeeFinder.java
D:\punto-mx\kriolos-opos-app\src\main\java\com\openbravo\pos\epm\JPanelEmployeePresence.java
D:\punto-mx\kriolos-opos-app\src\main\java\com\openbravo\pos\epm\LeavesPanel.java
D:\punto-mx\kriolos-opos-app\src\main\java\com\openbravo\pos\epm\LeavesView.java
D:\punto-mx\kriolos-opos-app\src\main\java\com\openbravo\pos\epm\package-info.java
D:\punto-mx\kriolos-opos-app\src\main\java\com\openbravo\pos\firebase\FirebaseDownloadManagerREST.java
D:\punto-mx\kriolos-opos-app\src\main\java\com\openbravo\pos\firebase\FirebaseService.java
D:\punto-mx\kriolos-opos-app\src\main\java\com\openbravo\pos\firebase\FirebaseServiceREST.java
D:\punto-mx\kriolos-opos-app\src\main\java\com\openbravo\pos\firebase\FirebaseSyncManager.java
D:\punto-mx\kriolos-opos-app\src\main\java\com\openbravo\pos\firebase\FirebaseSyncManagerREST.java
D:\punto-mx\kriolos-opos-app\src\main\java\com\openbravo\pos\firebase\JPanelFirebaseUsersDialog.java
D:\punto-mx\kriolos-opos-app\src\main\java\com\openbravo\pos\forms\AppViewConnection.java
D:\punto-mx\kriolos-opos-app\src\main\java\com\openbravo\pos\forms\BeanContainer.java
D:\punto-mx\kriolos-opos-app\src\main\java\com\openbravo\pos\forms\DriverWrapper.java
D:\punto-mx\kriolos-opos-app\src\main\java\com\openbravo\pos\forms\JAuthPanel.java
D:\punto-mx\kriolos-opos-app\src\main\java\com\openbravo\pos\forms\JCopyRightPanel.java
D:\punto-mx\kriolos-opos-app\src\main\java\com\openbravo\pos\forms\JDialogCloseShift.java
D:\punto-mx\kriolos-opos-app\src\main\java\com\openbravo\pos\forms\JDialogForgotPassword.java
D:\punto-mx\kriolos-opos-app\src\main\java\com\openbravo\pos\forms\JDialogInitialCash.java
D:\punto-mx\kriolos-opos-app\src\main\java\com\openbravo\pos\forms\JDialogUpdate.java
D:\punto-mx\kriolos-opos-app\src\main\java\com\openbravo\pos\forms\JDlgChangePassword.java
D:\punto-mx\kriolos-opos-app\src\main\java\com\openbravo\pos\forms\JPanelNull.java
D:\punto-mx\kriolos-opos-app\src\main\java\com\openbravo\pos\forms\JPanelView.java
D:\punto-mx\kriolos-opos-app\src\main\java\com\openbravo\pos\forms\JPrincipalApp.java
D:\punto-mx\kriolos-opos-app\src\main\java\com\openbravo\pos\forms\JRootApp.java
D:\punto-mx\kriolos-opos-app\src\main\java\com\openbravo\pos\forms\JRootFrame.java
D:\punto-mx\kriolos-opos-app\src\main\java\com\openbravo\pos\forms\JSplashScreen.java
D:\punto-mx\kriolos-opos-app\src\main\java\com\openbravo\pos\forms\ProcessAction.java
D:\punto-mx\kriolos-opos-app\src\main\java\com\openbravo\pos\forms\StartPOS.java
D:\punto-mx\kriolos-opos-app\src\main\java\com\openbravo\pos\forms\UpdateChecker.java
D:\punto-mx\kriolos-opos-app\src\main\java\com\openbravo\pos\forms\UpdateManager.java
D:\punto-mx\kriolos-opos-app\src\main\java\com\openbravo\pos\imports\CustomerCSVImport.java
D:\punto-mx\kriolos-opos-app\src\main\java\com\openbravo\pos\imports\JPanelCSV.java
D:\punto-mx\kriolos-opos-app\src\main\java\com\openbravo\pos\imports\JPanelCSVCleardb.java
D:\punto-mx\kriolos-opos-app\src\main\java\com\openbravo\pos\imports\JPanelCSVImport.java
D:\punto-mx\kriolos-opos-app\src\main\java\com\openbravo\pos\imports\StockQtyImport.java
D:\punto-mx\kriolos-opos-app\src\main\java\com\openbravo\pos\instance\AppMessage.java
D:\punto-mx\kriolos-opos-app\src\main\java\com\openbravo\pos\instance\InstanceManager.java
D:\punto-mx\kriolos-opos-app\src\main\java\com\openbravo\pos\inventory\AttributeFilter.java
D:\punto-mx\kriolos-opos-app\src\main\java\com\openbravo\pos\inventory\AttributesEditor.java
D:\punto-mx\kriolos-opos-app\src\main\java\com\openbravo\pos\inventory\AttributeSetFilter.java
D:\punto-mx\kriolos-opos-app\src\main\java\com\openbravo\pos\inventory\AttributeSetsEditor.java
D:\punto-mx\kriolos-opos-app\src\main\java\com\openbravo\pos\inventory\AttributeSetsPanel.java
D:\punto-mx\kriolos-opos-app\src\main\java\com\openbravo\pos\inventory\AttributesPanel.java
D:\punto-mx\kriolos-opos-app\src\main\java\com\openbravo\pos\inventory\AttributeUseEditor.java
D:\punto-mx\kriolos-opos-app\src\main\java\com\openbravo\pos\inventory\AttributeUsePanel.java
D:\punto-mx\kriolos-opos-app\src\main\java\com\openbravo\pos\inventory\AttributeValuesEditor.java
D:\punto-mx\kriolos-opos-app\src\main\java\com\openbravo\pos\inventory\AttributeValuesPanel.java
D:\punto-mx\kriolos-opos-app\src\main\java\com\openbravo\pos\inventory\AuxiliarEditor.java
D:\punto-mx\kriolos-opos-app\src\main\java\com\openbravo\pos\inventory\AuxiliarPanel.java
D:\punto-mx\kriolos-opos-app\src\main\java\com\openbravo\pos\inventory\BundleEditor.java
D:\punto-mx\kriolos-opos-app\src\main\java\com\openbravo\pos\inventory\BundlePanel.java
D:\punto-mx\kriolos-opos-app\src\main\java\com\openbravo\pos\inventory\CategoriesEditor.java
D:\punto-mx\kriolos-opos-app\src\main\java\com\openbravo\pos\inventory\CategoriesPanel.java
D:\punto-mx\kriolos-opos-app\src\main\java\com\openbravo\pos\inventory\InvEditLine.java
D:\punto-mx\kriolos-opos-app\src\main\java\com\openbravo\pos\inventory\InventoryRecord.java
D:\punto-mx\kriolos-opos-app\src\main\java\com\openbravo\pos\inventory\JDlgUploadProducts.java
D:\punto-mx\kriolos-opos-app\src\main\java\com\openbravo\pos\inventory\JInventoryLines.java
D:\punto-mx\kriolos-opos-app\src\main\java\com\openbravo\pos\inventory\LocationsPanel.java
D:\punto-mx\kriolos-opos-app\src\main\java\com\openbravo\pos\inventory\LocationsView.java
D:\punto-mx\kriolos-opos-app\src\main\java\com\openbravo\pos\inventory\MaterialFilter.java
D:\punto-mx\kriolos-opos-app\src\main\java\com\openbravo\pos\inventory\PriceImportPanel.java
D:\punto-mx\kriolos-opos-app\src\main\java\com\openbravo\pos\inventory\ProductGranelStockEditor.java
D:\punto-mx\kriolos-opos-app\src\main\java\com\openbravo\pos\inventory\ProductSaveProviderWithAdminValidation.java
D:\punto-mx\kriolos-opos-app\src\main\java\com\openbravo\pos\inventory\ProductsEditor.java
D:\punto-mx\kriolos-opos-app\src\main\java\com\openbravo\pos\inventory\ProductsGranelPanel.java
D:\punto-mx\kriolos-opos-app\src\main\java\com\openbravo\pos\inventory\ProductsPanel.java
D:\punto-mx\kriolos-opos-app\src\main\java\com\openbravo\pos\inventory\ProductsWarehouseEditor.java
D:\punto-mx\kriolos-opos-app\src\main\java\com\openbravo\pos\inventory\ProductsWarehousePanel.java
D:\punto-mx\kriolos-opos-app\src\main\java\com\openbravo\pos\inventory\StockDiaryEditor.java
D:\punto-mx\kriolos-opos-app\src\main\java\com\openbravo\pos\inventory\StockDiaryPanel.java
D:\punto-mx\kriolos-opos-app\src\main\java\com\openbravo\pos\inventory\StockManagement.java
D:\punto-mx\kriolos-opos-app\src\main\java\com\openbravo\pos\inventory\StockModel.java
D:\punto-mx\kriolos-opos-app\src\main\java\com\openbravo\pos\inventory\TaxCategoriesEditor.java
D:\punto-mx\kriolos-opos-app\src\main\java\com\openbravo\pos\inventory\TaxCategoriesPanel.java
D:\punto-mx\kriolos-opos-app\src\main\java\com\openbravo\pos\inventory\TaxCustCategoriesEditor.java
D:\punto-mx\kriolos-opos-app\src\main\java\com\openbravo\pos\inventory\TaxCustCategoriesPanel.java
D:\punto-mx\kriolos-opos-app\src\main\java\com\openbravo\pos\inventory\TaxEditor.java
D:\punto-mx\kriolos-opos-app\src\main\java\com\openbravo\pos\inventory\TaxPanel.java
D:\punto-mx\kriolos-opos-app\src\main\java\com\openbravo\pos\inventory\UomEditor.java
D:\punto-mx\kriolos-opos-app\src\main\java\com\openbravo\pos\inventory\UomPanel.java
D:\punto-mx\kriolos-opos-app\src\main\java\com\openbravo\pos\menu\JPanelMenu.java
D:\punto-mx\kriolos-opos-app\src\main\java\com\openbravo\pos\menu\JRootMenu.java
D:\punto-mx\kriolos-opos-app\src\main\java\com\openbravo\pos\menu\MenuDefinition.java
D:\punto-mx\kriolos-opos-app\src\main\java\com\openbravo\pos\menu\MenuElement.java
D:\punto-mx\kriolos-opos-app\src\main\java\com\openbravo\pos\menu\MenuExecAction.java
D:\punto-mx\kriolos-opos-app\src\main\java\com\openbravo\pos\menu\MenuItemDefinition.java
D:\punto-mx\kriolos-opos-app\src\main\java\com\openbravo\pos\menu\MenuPanelAction.java
D:\punto-mx\kriolos-opos-app\src\main\java\com\openbravo\pos\menu\MenuTitleDefinition.java
D:\punto-mx\kriolos-opos-app\src\main\java\com\openbravo\pos\panels\AuxiliarFilter.java
D:\punto-mx\kriolos-opos-app\src\main\java\com\openbravo\pos\panels\BundleFilter.java
D:\punto-mx\kriolos-opos-app\src\main\java\com\openbravo\pos\panels\EnumerationIter.java
D:\punto-mx\kriolos-opos-app\src\main\java\com\openbravo\pos\panels\JOpenCashDialog.java
D:\punto-mx\kriolos-opos-app\src\main\java\com\openbravo\pos\panels\JPanelCloseMoney.java
D:\punto-mx\kriolos-opos-app\src\main\java\com\openbravo\pos\panels\JPanelCloseMoneyReprint.java
D:\punto-mx\kriolos-opos-app\src\main\java\com\openbravo\pos\panels\JPanelPayments.java
D:\punto-mx\kriolos-opos-app\src\main\java\com\openbravo\pos\panels\JPanelPrinter.java
D:\punto-mx\kriolos-opos-app\src\main\java\com\openbravo\pos\panels\JPanelTable.java
D:\punto-mx\kriolos-opos-app\src\main\java\com\openbravo\pos\panels\JPanelTable2.java
D:\punto-mx\kriolos-opos-app\src\main\java\com\openbravo\pos\panels\JProductFinder.java
D:\punto-mx\kriolos-opos-app\src\main\java\com\openbravo\pos\panels\JTicketsFinder.java
D:\punto-mx\kriolos-opos-app\src\main\java\com\openbravo\pos\panels\PaymentsEditor.java
D:\punto-mx\kriolos-opos-app\src\main\java\com\openbravo\pos\panels\PaymentsModel.java
D:\punto-mx\kriolos-opos-app\src\main\java\com\openbravo\pos\panels\PaymentsReprintModel.java
D:\punto-mx\kriolos-opos-app\src\main\java\com\openbravo\pos\panels\SQLColumn.java
D:\punto-mx\kriolos-opos-app\src\main\java\com\openbravo\pos\panels\SQLDatabase.java
D:\punto-mx\kriolos-opos-app\src\main\java\com\openbravo\pos\panels\SQLTable.java
D:\punto-mx\kriolos-opos-app\src\main\java\com\openbravo\pos\panels\SQLTableModel.java
D:\punto-mx\kriolos-opos-app\src\main\java\com\openbravo\pos\panels\ValidationPanel.java
D:\punto-mx\kriolos-opos-app\src\main\java\com\openbravo\pos\payment\ConfigPaymentPanelEmpty.java
D:\punto-mx\kriolos-opos-app\src\main\java\com\openbravo\pos\payment\ConfigPaymentPanelGeneric.java
D:\punto-mx\kriolos-opos-app\src\main\java\com\openbravo\pos\payment\JPaymentBank.java
D:\punto-mx\kriolos-opos-app\src\main\java\com\openbravo\pos\payment\JPaymentCashPos.java
D:\punto-mx\kriolos-opos-app\src\main\java\com\openbravo\pos\payment\JPaymentCheque.java
D:\punto-mx\kriolos-opos-app\src\main\java\com\openbravo\pos\payment\JPaymentDebt.java
D:\punto-mx\kriolos-opos-app\src\main\java\com\openbravo\pos\payment\JPaymentFree.java
D:\punto-mx\kriolos-opos-app\src\main\java\com\openbravo\pos\payment\JPaymentInterface.java
D:\punto-mx\kriolos-opos-app\src\main\java\com\openbravo\pos\payment\JPaymentMagcard.java
D:\punto-mx\kriolos-opos-app\src\main\java\com\openbravo\pos\payment\JPaymentNotifier.java
D:\punto-mx\kriolos-opos-app\src\main\java\com\openbravo\pos\payment\JPaymentPaper.java
D:\punto-mx\kriolos-opos-app\src\main\java\com\openbravo\pos\payment\JPaymentRefund.java
D:\punto-mx\kriolos-opos-app\src\main\java\com\openbravo\pos\payment\JPaymentSelect.java
D:\punto-mx\kriolos-opos-app\src\main\java\com\openbravo\pos\payment\JPaymentSelectCustomer.java
D:\punto-mx\kriolos-opos-app\src\main\java\com\openbravo\pos\payment\JPaymentSelectReceipt.java
D:\punto-mx\kriolos-opos-app\src\main\java\com\openbravo\pos\payment\JPaymentSelectRefund.java
D:\punto-mx\kriolos-opos-app\src\main\java\com\openbravo\pos\payment\JPaymentSlip.java
D:\punto-mx\kriolos-opos-app\src\main\java\com\openbravo\pos\payment\JPaymentVoucher.java
D:\punto-mx\kriolos-opos-app\src\main\java\com\openbravo\pos\payment\MagCardReader.java
D:\punto-mx\kriolos-opos-app\src\main\java\com\openbravo\pos\payment\MagCardReaderFac.java
D:\punto-mx\kriolos-opos-app\src\main\java\com\openbravo\pos\payment\MagCardReaderGeneric.java
D:\punto-mx\kriolos-opos-app\src\main\java\com\openbravo\pos\payment\MagCardReaderIntelligent.java
D:\punto-mx\kriolos-opos-app\src\main\java\com\openbravo\pos\payment\PaymentConfiguration.java
D:\punto-mx\kriolos-opos-app\src\main\java\com\openbravo\pos\payment\PaymentPanel.java
D:\punto-mx\kriolos-opos-app\src\main\java\com\openbravo\pos\payment\PaymentPanelBasic.java
D:\punto-mx\kriolos-opos-app\src\main\java\com\openbravo\pos\payment\PaymentPanelEMV.java
D:\punto-mx\kriolos-opos-app\src\main\java\com\openbravo\pos\payment\PaymentPanelFactory.java
D:\punto-mx\kriolos-opos-app\src\main\java\com\openbravo\pos\payment\PaymentPanelKeyboard.java
D:\punto-mx\kriolos-opos-app\src\main\java\com\openbravo\pos\payment\PaymentPanelMagCard.java
D:\punto-mx\kriolos-opos-app\src\main\java\com\openbravo\pos\payment\VoucherPaymentInfo.java
D:\punto-mx\kriolos-opos-app\src\main\java\com\openbravo\pos\reports\JPanelGraphics.java
D:\punto-mx\kriolos-opos-app\src\main\java\com\openbravo\pos\reports\JPanelReport.java
D:\punto-mx\kriolos-opos-app\src\main\java\com\openbravo\pos\reports\JParamsComposed.java
D:\punto-mx\kriolos-opos-app\src\main\java\com\openbravo\pos\reports\JParamsCustomer.java
D:\punto-mx\kriolos-opos-app\src\main\java\com\openbravo\pos\reports\JParamsDatesInterval.java
D:\punto-mx\kriolos-opos-app\src\main\java\com\openbravo\pos\reports\JParamsLocation.java
D:\punto-mx\kriolos-opos-app\src\main\java\com\openbravo\pos\reports\JParamsLocationWithFirst.java
D:\punto-mx\kriolos-opos-app\src\main\java\com\openbravo\pos\reports\JParamsReason.java
D:\punto-mx\kriolos-opos-app\src\main\java\com\openbravo\pos\reports\JParamsSuppliers.java
D:\punto-mx\kriolos-opos-app\src\main\java\com\openbravo\pos\reports\JParamsText.java
D:\punto-mx\kriolos-opos-app\src\main\java\com\openbravo\pos\reports\JParamsUser.java
D:\punto-mx\kriolos-opos-app\src\main\java\com\openbravo\pos\reports\JRDataSourceBasic.java
D:\punto-mx\kriolos-opos-app\src\main\java\com\openbravo\pos\reports\JRPrinterAWT300.java
D:\punto-mx\kriolos-opos-app\src\main\java\com\openbravo\pos\reports\JRViewer400.java
D:\punto-mx\kriolos-opos-app\src\main\java\com\openbravo\pos\reports\PanelReportBean.java
D:\punto-mx\kriolos-opos-app\src\main\java\com\openbravo\pos\reports\ReportEditorCreator.java
D:\punto-mx\kriolos-opos-app\src\main\java\com\openbravo\pos\reports\ReportException.java
D:\punto-mx\kriolos-opos-app\src\main\java\com\openbravo\pos\reports\ReportFields.java
D:\punto-mx\kriolos-opos-app\src\main\java\com\openbravo\pos\reports\ReportFieldsArray.java
D:\punto-mx\kriolos-opos-app\src\main\java\com\openbravo\pos\sales\JGranelDialog.java
D:\punto-mx\kriolos-opos-app\src\main\java\com\openbravo\pos\sales\JPanelButtons.java
D:\punto-mx\kriolos-opos-app\src\main\java\com\openbravo\pos\sales\JPanelResetPickupId.java
D:\punto-mx\kriolos-opos-app\src\main\java\com\openbravo\pos\sales\JPanelTicket.java
D:\punto-mx\kriolos-opos-app\src\main\java\com\openbravo\pos\sales\JPanelTicketEdits.java
D:\punto-mx\kriolos-opos-app\src\main\java\com\openbravo\pos\sales\JPanelTicketSales.java
D:\punto-mx\kriolos-opos-app\src\main\java\com\openbravo\pos\sales\JProductAttEdit.java
D:\punto-mx\kriolos-opos-app\src\main\java\com\openbravo\pos\sales\JProductAttEdit2.java
D:\punto-mx\kriolos-opos-app\src\main\java\com\openbravo\pos\sales\JProductAttEditI.java
D:\punto-mx\kriolos-opos-app\src\main\java\com\openbravo\pos\sales\JProductAttEditItem.java
D:\punto-mx\kriolos-opos-app\src\main\java\com\openbravo\pos\sales\JProductAttListItem.java
D:\punto-mx\kriolos-opos-app\src\main\java\com\openbravo\pos\sales\JProductLineEdit.java
D:\punto-mx\kriolos-opos-app\src\main\java\com\openbravo\pos\sales\JProductLineEditTax.java
D:\punto-mx\kriolos-opos-app\src\main\java\com\openbravo\pos\sales\JRefundLines.java
D:\punto-mx\kriolos-opos-app\src\main\java\com\openbravo\pos\sales\JTicketCatalogLines.java
D:\punto-mx\kriolos-opos-app\src\main\java\com\openbravo\pos\sales\JTicketLines.java
D:\punto-mx\kriolos-opos-app\src\main\java\com\openbravo\pos\sales\JTicketsBag.java
D:\punto-mx\kriolos-opos-app\src\main\java\com\openbravo\pos\sales\JTicketsBagTicket.java
D:\punto-mx\kriolos-opos-app\src\main\java\com\openbravo\pos\sales\JTicketsBagTicketBag.java
D:\punto-mx\kriolos-opos-app\src\main\java\com\openbravo\pos\sales\ReceiptSplit.java
D:\punto-mx\kriolos-opos-app\src\main\java\com\openbravo\pos\sales\RemoteOrderDisplay.java
D:\punto-mx\kriolos-opos-app\src\main\java\com\openbravo\pos\sales\restaurant\FloorsEditor.java
D:\punto-mx\kriolos-opos-app\src\main\java\com\openbravo\pos\sales\restaurant\JCalendarItemRenderer.java
D:\punto-mx\kriolos-opos-app\src\main\java\com\openbravo\pos\sales\restaurant\JPanelFloors.java
D:\punto-mx\kriolos-opos-app\src\main\java\com\openbravo\pos\sales\restaurant\JPanelPlaces.java
D:\punto-mx\kriolos-opos-app\src\main\java\com\openbravo\pos\sales\restaurant\JTicketsBagRestaurant.java
D:\punto-mx\kriolos-opos-app\src\main\java\com\openbravo\pos\sales\restaurant\JTicketsBagRestaurantMap.java
D:\punto-mx\kriolos-opos-app\src\main\java\com\openbravo\pos\sales\restaurant\JTicketsBagRestaurantRes.java
D:\punto-mx\kriolos-opos-app\src\main\java\com\openbravo\pos\sales\restaurant\PlacesEditor.java
D:\punto-mx\kriolos-opos-app\src\main\java\com\openbravo\pos\sales\shared\JTicketsBagShared.java
D:\punto-mx\kriolos-opos-app\src\main\java\com\openbravo\pos\sales\shared\JTicketsBagSharedList.java
D:\punto-mx\kriolos-opos-app\src\main\java\com\openbravo\pos\sales\shared\JTicketsReprintList.java
D:\punto-mx\kriolos-opos-app\src\main\java\com\openbravo\pos\sales\simple\JTicketsBagSimple.java
D:\punto-mx\kriolos-opos-app\src\main\java\com\openbravo\pos\sales\SimpleReceipt.java
D:\punto-mx\kriolos-opos-app\src\main\java\com\openbravo\pos\sales\TicketsEditor.java
D:\punto-mx\kriolos-opos-app\src\main\java\com\openbravo\pos\sebastian\Customer.java
D:\punto-mx\kriolos-opos-app\src\main\java\com\openbravo\pos\sebastian\CustomerService.java
D:\punto-mx\kriolos-opos-app\src\main\java\com\openbravo\pos\sebastian\JCustomerPanel.java
D:\punto-mx\kriolos-opos-app\src\main\java\com\openbravo\pos\sebastian\Purchase.java
D:\punto-mx\kriolos-opos-app\src\main\java\com\openbravo\pos\sebastian\PurchaseService.java
D:\punto-mx\kriolos-opos-app\src\main\java\com\openbravo\pos\sebastian\SebastianThemeManager.java
D:\punto-mx\kriolos-opos-app\src\main\java\com\openbravo\pos\supabase\PeopleServiceSupabase.java
D:\punto-mx\kriolos-opos-app\src\main\java\com\openbravo\pos\supabase\SupabaseServiceManager.java
D:\punto-mx\kriolos-opos-app\src\main\java\com\openbravo\pos\supabase\SupabaseServiceREST.java
D:\punto-mx\kriolos-opos-app\src\main\java\com\openbravo\pos\suppliers\JDialogNewSupplier.java
D:\punto-mx\kriolos-opos-app\src\main\java\com\openbravo\pos\suppliers\JSupplierFinder.java
D:\punto-mx\kriolos-opos-app\src\main\java\com\openbravo\pos\suppliers\OrderSupplierList.java
D:\punto-mx\kriolos-opos-app\src\main\java\com\openbravo\pos\suppliers\SupplierRenderer.java
D:\punto-mx\kriolos-opos-app\src\main\java\com\openbravo\pos\suppliers\SuppliersPanel.java
D:\punto-mx\kriolos-opos-app\src\main\java\com\openbravo\pos\suppliers\SuppliersView.java
D:\punto-mx\kriolos-opos-app\src\main\java\com\openbravo\pos\suppliers\SupplierTicketSelector.java
D:\punto-mx\kriolos-opos-app\src\main\java\com\openbravo\pos\ticket\CategoryFilter.java
D:\punto-mx\kriolos-opos-app\src\main\java\com\openbravo\pos\ticket\FindTicketsRenderer.java
D:\punto-mx\kriolos-opos-app\src\main\java\com\openbravo\pos\ticket\LocationFilterSales.java
D:\punto-mx\kriolos-opos-app\src\main\java\com\openbravo\pos\ticket\ProductFilter.java
D:\punto-mx\kriolos-opos-app\src\main\java\com\openbravo\pos\ticket\ProductFilter1.java
D:\punto-mx\kriolos-opos-app\src\main\java\com\openbravo\pos\ticket\ProductFilter2.java
D:\punto-mx\kriolos-opos-app\src\main\java\com\openbravo\pos\ticket\ProductFilter3.java
D:\punto-mx\kriolos-opos-app\src\main\java\com\openbravo\pos\ticket\ProductFilter4.java
D:\punto-mx\kriolos-opos-app\src\main\java\com\openbravo\pos\ticket\ProductFilterSales.java
D:\punto-mx\kriolos-opos-app\src\main\java\com\openbravo\pos\ticket\ProductRenderer.java
D:\punto-mx\kriolos-opos-app\src\main\java\com\openbravo\pos\util\ApplicationLogger.java
D:\punto-mx\kriolos-opos-app\src\main\java\com\openbravo\pos\util\ModernLookAndFeel.java
D:\punto-mx\kriolos-opos-app\src\main\java\com\openbravo\pos\voucher\JDialogReportPanel.java
D:\punto-mx\kriolos-opos-app\src\main\java\com\openbravo\pos\voucher\VoucherEditor.java
D:\punto-mx\kriolos-opos-app\src\main\java\com\openbravo\pos\voucher\VoucherPanel.java
D:\punto-mx\kriolos-opos-app\target\generated-sources\java-templates\com\openbravo\pos\generated\Version.java
